Archive member included to satisfy reference by file (symbol)

C:\Users\79099\STM32CubeIDE\workspace_1.13.2\device_lib\Debug\libdevice_lib.a(.)
                              ./Core/Src/app.o (nDevs)
C:\Users\79099\STM32CubeIDE\workspace_1.13.2\device_lib\Debug\libdevice_lib.a(.)
                              ./Core/Src/app.o (VDevice::DeviceInit(VDeviceCfg*))
C:\Users\79099\STM32CubeIDE\workspace_1.13.2\device_lib\Debug\libdevice_lib.a(./src/device_dpt.o)
                              ./Core/Src/app.o (VDeviceDPT::VDeviceDPT(unsigned char))
C:\Users\79099\STM32CubeIDE\workspace_1.13.2\device_lib\Debug\libdevice_lib.a(./src/device_igniter.o)
                              ./Core/Src/app.o (VDeviceIgniter::VDeviceIgniter(unsigned char))
C:\Users\79099\STM32CubeIDE\workspace_1.13.2\device_lib\Debug\libdevice_lib.a(.)
                              C:\Users\79099\STM32CubeIDE\workspace_1.13.2\device_lib\Debug\libdevice_lib.a(.) (crc32)
C:/ST/STM32CubeIDE_1.13.2/STM32CubeIDE/plugins/com.st.stm32cube.ide.mcu.externaltools.gnu-tools-for-stm32.13.3.rel1.win32_1.0.0.202411081344/tools/bin/../lib/gcc/arm-none-eabi/13.3.1/../../../../arm-none-eabi/lib/thumb/v8-m.main+fp/hard\libstdc++_nano.a(class_type_info.o)
                              C:\Users\79099\STM32CubeIDE\workspace_1.13.2\device_lib\Debug\libdevice_lib.a(.) (vtable for __cxxabiv1::__class_type_info)
C:/ST/STM32CubeIDE_1.13.2/STM32CubeIDE/plugins/com.st.stm32cube.ide.mcu.externaltools.gnu-tools-for-stm32.13.3.rel1.win32_1.0.0.202411081344/tools/bin/../lib/gcc/arm-none-eabi/13.3.1/../../../../arm-none-eabi/lib/thumb/v8-m.main+fp/hard\libstdc++_nano.a(del_ops.o)
                              C:/ST/STM32CubeIDE_1.13.2/STM32CubeIDE/plugins/com.st.stm32cube.ide.mcu.externaltools.gnu-tools-for-stm32.13.3.rel1.win32_1.0.0.202411081344/tools/bin/../lib/gcc/arm-none-eabi/13.3.1/../../../../arm-none-eabi/lib/thumb/v8-m.main+fp/hard\libstdc++_nano.a(class_type_info.o) (operator delete(void*, unsigned int))
C:/ST/STM32CubeIDE_1.13.2/STM32CubeIDE/plugins/com.st.stm32cube.ide.mcu.externaltools.gnu-tools-for-stm32.13.3.rel1.win32_1.0.0.202411081344/tools/bin/../lib/gcc/arm-none-eabi/13.3.1/../../../../arm-none-eabi/lib/thumb/v8-m.main+fp/hard\libstdc++_nano.a(si_class_type_info.o)
                              C:\Users\79099\STM32CubeIDE\workspace_1.13.2\device_lib\Debug\libdevice_lib.a(./src/device_dpt.o) (vtable for __cxxabiv1::__si_class_type_info)
C:/ST/STM32CubeIDE_1.13.2/STM32CubeIDE/plugins/com.st.stm32cube.ide.mcu.externaltools.gnu-tools-for-stm32.13.3.rel1.win32_1.0.0.202411081344/tools/bin/../lib/gcc/arm-none-eabi/13.3.1/../../../../arm-none-eabi/lib/thumb/v8-m.main+fp/hard\libstdc++_nano.a(tinfo.o)
                              C:/ST/STM32CubeIDE_1.13.2/STM32CubeIDE/plugins/com.st.stm32cube.ide.mcu.externaltools.gnu-tools-for-stm32.13.3.rel1.win32_1.0.0.202411081344/tools/bin/../lib/gcc/arm-none-eabi/13.3.1/../../../../arm-none-eabi/lib/thumb/v8-m.main+fp/hard\libstdc++_nano.a(class_type_info.o) (std::type_info::~type_info())
C:/ST/STM32CubeIDE_1.13.2/STM32CubeIDE/plugins/com.st.stm32cube.ide.mcu.externaltools.gnu-tools-for-stm32.13.3.rel1.win32_1.0.0.202411081344/tools/bin/../lib/gcc/arm-none-eabi/13.3.1/../../../../arm-none-eabi/lib/thumb/v8-m.main+fp/hard\libstdc++_nano.a(del_op.o)
                              C:/ST/STM32CubeIDE_1.13.2/STM32CubeIDE/plugins/com.st.stm32cube.ide.mcu.externaltools.gnu-tools-for-stm32.13.3.rel1.win32_1.0.0.202411081344/tools/bin/../lib/gcc/arm-none-eabi/13.3.1/../../../../arm-none-eabi/lib/thumb/v8-m.main+fp/hard\libstdc++_nano.a(del_ops.o) (operator delete(void*))
C:/ST/STM32CubeIDE_1.13.2/STM32CubeIDE/plugins/com.st.stm32cube.ide.mcu.externaltools.gnu-tools-for-stm32.13.3.rel1.win32_1.0.0.202411081344/tools/bin/../lib/gcc/arm-none-eabi/13.3.1/../../../../arm-none-eabi/lib/thumb/v8-m.main+fp/hard\libc_nano.a(libc_a-exit.o)
                              C:/ST/STM32CubeIDE_1.13.2/STM32CubeIDE/plugins/com.st.stm32cube.ide.mcu.externaltools.gnu-tools-for-stm32.13.3.rel1.win32_1.0.0.202411081344/tools/bin/../lib/gcc/arm-none-eabi/13.3.1/../../../../arm-none-eabi/lib/thumb/v8-m.main+fp/hard/crt0.o (exit)
C:/ST/STM32CubeIDE_1.13.2/STM32CubeIDE/plugins/com.st.stm32cube.ide.mcu.externaltools.gnu-tools-for-stm32.13.3.rel1.win32_1.0.0.202411081344/tools/bin/../lib/gcc/arm-none-eabi/13.3.1/../../../../arm-none-eabi/lib/thumb/v8-m.main+fp/hard\libc_nano.a(libc_a-malloc.o)
                              C:/ST/STM32CubeIDE_1.13.2/STM32CubeIDE/plugins/com.st.stm32cube.ide.mcu.externaltools.gnu-tools-for-stm32.13.3.rel1.win32_1.0.0.202411081344/tools/bin/../lib/gcc/arm-none-eabi/13.3.1/../../../../arm-none-eabi/lib/thumb/v8-m.main+fp/hard\libstdc++_nano.a(del_op.o) (free)
C:/ST/STM32CubeIDE_1.13.2/STM32CubeIDE/plugins/com.st.stm32cube.ide.mcu.externaltools.gnu-tools-for-stm32.13.3.rel1.win32_1.0.0.202411081344/tools/bin/../lib/gcc/arm-none-eabi/13.3.1/../../../../arm-none-eabi/lib/thumb/v8-m.main+fp/hard\libc_nano.a(libc_a-mallocr.o)
[...]
Memory Configuration

Name             Origin             Length             Attributes
RAM              0x20000000         0x00044000         xrw
FLASH            0x0800c000         0x00024000         xr
FLASH_CFG        0x0807e000         0x00002000         r
*default*        0x00000000         0xffffffff

Linker script and memory map

LOAD C:/ST/STM32CubeIDE_1.13.2/STM32CubeIDE/plugins/com.st.stm32cube.ide.mcu.externaltools.gnu-tools-for-stm32.13.3.rel1.win32_1.0.0.202411081344/tools/bin/../lib/gcc/arm-none-eabi/13.3.1/thumb/v8-m.main+fp/hard/crti.o
LOAD C:/ST/STM32CubeIDE_1.13.2/STM32CubeIDE/plugins/com.st.stm32cube.ide.mcu.externaltools.gnu-tools-for-stm32.13.3.rel1.win32_1.0.0.202411081344/tools/bin/../lib/gcc/arm-none-eabi/13.3.1/thumb/v8-m.main+fp/hard/crtbegin.o
LOAD C:/ST/STM32CubeIDE_1.13.2/STM32CubeIDE/plugins/com.st.stm32cube.ide.mcu.externaltools.gnu-tools-for-stm32.13.3.rel1.win32_1.0.0.202411081344/tools/bin/../lib/gcc/arm-none-eabi/13.3.1/../../../../arm-none-eabi/lib/thumb/v8-m.main+fp/hard/crt0.o
LOAD ./Core/Src/adc.o
LOAD ./Core/Src/app.o
LOAD ./Core/Src/main.o
LOAD ./Core/Src/max31855.o
LOAD ./Core/Src/stm32h5xx_hal_msp.o
LOAD ./Core/Src/stm32h5xx_it.o
LOAD ./Core/Src/syscalls.o
LOAD ./Core/Src/sysmem.o
LOAD ./Core/Src/system_stm32h5xx.o
LOAD ./Core/Src/upd.o
LOAD ./Core/Startup/startup_stm32h523retx.o
LOAD ./Drivers/STM32H5xx_HAL_Driver/Src/stm32h5xx_hal.o
LOAD ./Drivers/STM32H5xx_HAL_Driver/Src/stm32h5xx_hal_adc.o
LOAD ./Drivers/STM32H5xx_HAL_Driver/Src/stm32h5xx_hal_adc_ex.o
LOAD ./Drivers/STM32H5xx_HAL_Driver/Src/stm32h5xx_hal_cortex.o
LOAD ./Drivers/STM32H5xx_HAL_Driver/Src/stm32h5xx_hal_dma.o
LOAD ./Drivers/STM32H5xx_HAL_Driver/Src/stm32h5xx_hal_dma_ex.o
LOAD ./Drivers/STM32H5xx_HAL_Driver/Src/stm32h5xx_hal_exti.o
LOAD ./Drivers/STM32H5xx_HAL_Driver/Src/stm32h5xx_hal_fdcan.o
LOAD ./Drivers/STM32H5xx_HAL_Driver/Src/stm32h5xx_hal_flash.o
LOAD ./Drivers/STM32H5xx_HAL_Driver/Src/stm32h5xx_hal_flash_ex.o
LOAD ./Drivers/STM32H5xx_HAL_Driver/Src/stm32h5xx_hal_gpio.o
LOAD ./Drivers/STM32H5xx_HAL_Driver/Src/stm32h5xx_hal_pwr.o
LOAD ./Drivers/STM32H5xx_HAL_Driver/Src/stm32h5xx_hal_pwr_ex.o
LOAD ./Drivers/STM32H5xx_HAL_Driver/Src/stm32h5xx_hal_rcc.o
LOAD ./Drivers/STM32H5xx_HAL_Driver/Src/stm32h5xx_hal_rcc_ex.o
LOAD ./Drivers/STM32H5xx_HAL_Driver/Src/stm32h5xx_hal_spi.o
LOAD ./Drivers/STM32H5xx_HAL_Driver/Src/stm32h5xx_hal_spi_ex.o
LOAD ./Drivers/STM32H5xx_HAL_Driver/Src/stm32h5xx_hal_tim.o
LOAD ./Drivers/STM32H5xx_HAL_Driver/Src/stm32h5xx_hal_tim_ex.o
LOAD C:\Users\79099\STM32CubeIDE\workspace_1.13.2\device_lib\Debug\libdevice_lib.a
START GROUP
LOAD C:/ST/STM32CubeIDE_1.13.2/STM32CubeIDE/plugins/com.st.stm32cube.ide.mcu.externaltools.gnu-tools-for-stm32.13.3.rel1.win32_1.0.0.202411081344/tools/bin/../lib/gcc/arm-none-eabi/13.3.1/../../../../arm-none-eabi/lib/thumb/v8-m.main+fp/hard\libstdc++_nano.a
LOAD C:/ST/STM32CubeIDE_1.13.2/STM32CubeIDE/plugins/com.st.stm32cube.ide.mcu.externaltools.gnu-tools-for-stm32.13.3.rel1.win32_1.0.0.202411081344/tools/bin/../lib/gcc/arm-none-eabi/13.3.1/../../../../arm-none-eabi/lib/thumb/v8-m.main+fp/hard\libsupc++_nano.a
END GROUP
LOAD C:/ST/STM32CubeIDE_1.13.2/STM32CubeIDE/plugins/com.st.stm32cube.ide.mcu.externaltools.gnu-tools-for-stm32.13.3.rel1.win32_1.0.0.202411081344/tools/bin/../lib/gcc/arm-none-eabi/13.3.1/../../../../arm-none-eabi/lib/thumb/v8-m.main+fp/hard\libstdc++_nano.a
LOAD C:/ST/STM32CubeIDE_1.13.2/STM32CubeIDE/plugins/com.st.stm32cube.ide.mcu.externaltools.gnu-tools-for-stm32.13.3.rel1.win32_1.0.0.202411081344/tools/bin/../lib/gcc/arm-none-eabi/13.3.1/../../../../arm-none-eabi/lib/thumb/v8-m.main+fp/hard\libm.a
LOAD C:/ST/STM32CubeIDE_1.13.2/STM32CubeIDE/plugins/com.st.stm32cube.ide.mcu.externaltools.gnu-tools-for-stm32.13.3.rel1.win32_1.0.0.202411081344/tools/bin/../lib/gcc/arm-none-eabi/13.3.1/../../../../arm-none-eabi/lib/thumb/v8-m.main+fp/hard\libc_nano.a
START GROUP
LOAD C:/ST/STM32CubeIDE_1.13.2/STM32CubeIDE/plugins/com.st.stm32cube.ide.mcu.externaltools.gnu-tools-for-stm32.13.3.rel1.win32_1.0.0.202411081344/tools/bin/../lib/gcc/arm-none-eabi/13.3.1/thumb/v8-m.main+fp/hard\libgcc.a
LOAD C:/ST/STM32CubeIDE_1.13.2/STM32CubeIDE/plugins/com.st.stm32cube.ide.mcu.externaltools.gnu-tools-for-stm32.13.3.rel1.win32_1.0.0.202411081344/tools/bin/../lib/gcc/arm-none-eabi/13.3.1/../../../../arm-none-eabi/lib/thumb/v8-m.main+fp/hard\libc_nano.a
END GROUP
START GROUP
LOAD C:/ST/STM32CubeIDE_1.13.2/STM32CubeIDE/plugins/com.st.stm32cube.ide.mcu.externaltools.gnu-tools-for-stm32.13.3.rel1.win32_1.0.0.202411081344/tools/bin/../lib/gcc/arm-none-eabi/13.3.1/thumb/v8-m.main+fp/hard\libgcc.a
LOAD C:/ST/STM32CubeIDE_1.13.2/STM32CubeIDE/plugins/com.st.stm32cube.ide.mcu.externaltools.gnu-tools-for-stm32.13.3.rel1.win32_1.0.0.202411081344/tools/bin/../lib/gcc/arm-none-eabi/13.3.1/../../../../arm-none-eabi/lib/thumb/v8-m.main+fp/hard\libc_nano.a
LOAD C:/ST/STM32CubeIDE_1.13.2/STM32CubeIDE/plugins/com.st.stm32cube.ide.mcu.externaltools.gnu-tools-for-stm32.13.3.rel1.win32_1.0.0.202411081344/tools/bin/../lib/gcc/arm-none-eabi/13.3.1/../../../../arm-none-eabi/lib/thumb/v8-m.main+fp/hard\libnosys.a
END GROUP
START GROUP
LOAD C:/ST/STM32CubeIDE_1.13.2/STM32CubeIDE/plugins/com.st.stm32cube.ide.mcu.externaltools.gnu-tools-for-stm32.13.3.rel1.win32_1.0.0.202411081344/tools/bin/../lib/gcc/arm-none-eabi/13.3.1/thumb/v8-m.main+fp/hard\libgcc.a
LOAD C:/ST/STM32CubeIDE_1.13.2/STM32CubeIDE/plugins/com.st.stm32cube.ide.mcu.externaltools.gnu-tools-for-stm32.13.3.rel1.win32_1.0.0.202411081344/tools/bin/../lib/gcc/arm-none-eabi/13.3.1/../../../../arm-none-eabi/lib/thumb/v8-m.main+fp/hard\libc_nano.a
LOAD C:/ST/STM32CubeIDE_1.13.2/STM32CubeIDE/plugins/com.st.stm32cube.ide.mcu.externaltools.gnu-tools-for-stm32.13.3.rel1.win32_1.0.0.202411081344/tools/bin/../lib/gcc/arm-none-eabi/13.3.1/../../../../arm-none-eabi/lib/thumb/v8-m.main+fp/hard\libnosys.a
END GROUP
LOAD C:/ST/STM32CubeIDE_1.13.2/STM32CubeIDE/plugins/com.st.stm32cube.ide.mcu.externaltools.gnu-tools-for-stm32.13.3.rel1.win32_1.0.0.202411081344/tools/bin/../lib/gcc/arm-none-eabi/13.3.1/thumb/v8-m.main+fp/hard/crtend.o
LOAD C:/ST/STM32CubeIDE_1.13.2/STM32CubeIDE/plugins/com.st.stm32cube.ide.mcu.externaltools.gnu-tools-for-stm32.13.3.rel1.win32_1.0.0.202411081344/tools/bin/../lib/gcc/arm-none-eabi/13.3.1/thumb/v8-m.main+fp/hard/crtn.o
                0x20044000                        _estack = (ORIGIN (RAM) + LENGTH (RAM))
                0x00000200                        _Min_Heap_Size = 0x200
                0x00000400                        _Min_Stack_Size = 0x400

.isr_vector     0x0800c000      0x254
                0x0800c000                        . = ALIGN (0x4)
 *(.isr_vector)
 .isr_vector    0x0800c000      0x254 ./Core/Startup/startup_stm32h523retx.o
                0x0800c000                g_pfnVectors
                0x0800c254                        . = ALIGN (0x4)

.text           0x0800c254     0xf35c
                0x0800c254                        . = ALIGN (0x4)
 *(.text)
 .text          0x0800c254       0x40 C:/ST/STM32CubeIDE_1.13.2/STM32CubeIDE/plugins/com.st.stm32cube.ide.mcu.externaltools.gnu-tools-for-stm32.13.3.rel1.win32_1.0.0.202411081344/tools/bin/../lib/gcc/arm-none-eabi/13.3.1/thumb/v8-m.main+fp/hard/crtbegin.o
 .text          0x0800c294     0x1190 C:\Users\79099\STM32CubeIDE\workspace_1.13.2\device_lib\Debug\libdevice_lib.a(.)
                0x0800c294                GetRetranslate
                0x0800c2ac                RcvStatusFire
                0x0800c2fa                RcvReplyStartExtinguishment
                0x0800c32e                RcvReplyStopExtinguishment
                0x0800c348                CanSendOverError
                0x0800c356                BackendGetSendOverflowCount
                0x0800c36c                BackendGetDeviceCount
                0x0800c384                SendMessageFull
                0x0800c47c                BackendProcess
                0x0800c500                isFireCMD
                0x0800c528                ProtocolParse
                0x0800c710                SendAllMessage
                0x0800c790                SendMessage
                0x0800c84c                FireServiceCmd
                0x0800c9f4                ConfigServiceCmd
                0x0800cd60                ServiceCommandParse
                0x0800cf94                SetConfigPtr
                0x0800cfc0                SetStatusFire
                0x0800cfe0                SetReplyStatusFire
                0x0800d020                SetReplyStartExtinguishment
                0x0800d060                SetReplyStopExtinguishment
                0x0800d0a0                SetStartExtinguishment
                0x0800d128                SetStopExtinguishment
                0x0800d180                BSU_Checksum
                0x0800d1c2                BSU_PacketBuildCan
                0x0800d31a                BSU_PacketParse
 .text          0x0800d424       0xe8 C:\Users\79099\STM32CubeIDE\workspace_1.13.2\device_lib\Debug\libdevice_lib.a(.)
                0x0800d424                VDevice::VDevice(unsigned char)
                0x0800d424                VDevice::VDevice(unsigned char)
                0x0800d45c                VDevice::SetStatus()
                0x0800d470                VDevice::SetDefaultCfg()
                0x0800d484                VDevice::Process()
                0x0800d498                VDevice::CommandCB(unsigned char, unsigned char*)
                0x0800d4b2                VDevice::Init()
                0x0800d4c6                VDevice::DeviceInit(VDeviceCfg*)
                0x0800d4e2                VDevice::Timer1ms()
                0x0800d4f6                VDevice::Timer1us()
 .text          0x0800d50c      0x810 C:\Users\79099\STM32CubeIDE\workspace_1.13.2\device_lib\Debug\libdevice_lib.a(./src/device_dpt.o)
                0x0800d50c                VDeviceDPT::VDeviceDPT(unsigned char)
                0x0800d50c                VDeviceDPT::VDeviceDPT(unsigned char)
                0x0800d5f4                VDeviceDPT::GetTriggeredLineState() const
                0x0800d60a                VDeviceDPT::Init()
                0x0800d71e                VDeviceDPT::Process()
                0x0800d74c                VDeviceDPT::CommandCB(unsigned char, unsigned char*)
                0x0800d84e                VDeviceDPT::UpdateStatus(DeviceDPTStatus)
                0x0800d872                VDeviceDPT::SetStatus()
                0x0800d920                VDeviceDPT::Timer1ms()
                0x0800db2a                VDeviceDPT::SetAdcValues(unsigned short, unsigned short)
                0x0800db5a                VDeviceDPT::SetMaxStatus(short, unsigned char, short)
                0x0800dba0                VDeviceDPT::UpdateLineStateInstant()
                0x0800dc60                VDeviceDPT::UpdateLineStateFiltered()
                0x0800dd04                VDeviceDPT::GetDT()
 .text          0x0800dd1c      0x780 C:\Users\79099\STM32CubeIDE\workspace_1.13.2\device_lib\Debug\libdevice_lib.a(./src/device_igniter.o)
                0x0800dd1c                VDeviceIgniter::VDeviceIgniter(unsigned char)
                0x0800dd1c                VDeviceIgniter::VDeviceIgniter(unsigned char)
                0x0800ddd4                VDeviceIgniter::Init()
                0x0800df1c                VDeviceIgniter::IsPwmActive() const
                0x0800df52                VDeviceIgniter::UpdateLineFromAdcMv(unsigned short)
                0x0800dffa                VDeviceIgniter::Process()
                0x0800e038                VDeviceIgniter::CommandCB(unsigned char, unsigned char*)
                0x0800e18a                VDeviceIgniter::UpdateStatus(DeviceIgniterStatus)
                0x0800e1ae                VDeviceIgniter::SetStatus()
                0x0800e230                VDeviceIgniter::Timer1ms()
                0x0800e2ac                VDeviceIgniter::SetLineState(DeviceIgniterLineState)
                0x0800e2ea                VDeviceIgniter::HandleLineState()
                0x0800e366                VDeviceIgniter::UpdatePwm()
 .text          0x0800e49c       0xd8 C:\Users\79099\STM32CubeIDE\workspace_1.13.2\device_lib\Debug\libdevice_lib.a(.)
                0x0800e49c                crc32
                0x0800e4f0                CRC16
 .text          0x0800e574       0x14 C:/ST/STM32CubeIDE_1.13.2/STM32CubeIDE/plugins/com.st.stm32cube.ide.mcu.externaltools.gnu-tools-for-stm32.13.3.rel1.win32_1.0.0.202411081344/tools/bin/../lib/gcc/arm-none-eabi/13.3.1/../../../../arm-none-eabi/lib/thumb/v8-m.main+fp/hard\libc_nano.a(libc_a-strcmp.o)
                0x0800e574                strcmp
 .text          0x0800e588      0xa60 C:/ST/STM32CubeIDE_1.13.2/STM32CubeIDE/plugins/com.st.stm32cube.ide.mcu.externaltools.gnu-tools-for-stm32.13.3.rel1.win32_1.0.0.202411081344/tools/bin/../lib/gcc/arm-none-eabi/13.3.1/thumb/v8-m.main+fp/hard\libgcc.a(unwind-arm.o)
                0x0800e848                _Unwind_GetCFA
                0x0800e84c                __gnu_Unwind_RaiseException
                0x0800e8b4                __gnu_Unwind_ForcedUnwind
                0x0800e8c8                __gnu_Unwind_Resume
                0x0800e90c                __gnu_Unwind_Resume_or_Rethrow
                0x0800e920                _Unwind_Complete
                0x0800e924                _Unwind_DeleteException
                0x0800e930                _Unwind_VRS_Get
                0x0800e97c                _Unwind_VRS_Set
                0x0800e9c8                __gnu_Unwind_Backtrace
                0x0800ecf4                __aeabi_unwind_cpp_pr0
                0x0800ecf8                __aeabi_unwind_cpp_pr1
                0x0800ecfc                __aeabi_unwind_cpp_pr2
                0x0800ed00                _Unwind_VRS_Pop
 .text          0x0800efe8      0x1ac C:/ST/STM32CubeIDE_1.13.2/STM32CubeIDE/plugins/com.st.stm32cube.ide.mcu.externaltools.gnu-tools-for-stm32.13.3.rel1.win32_1.0.0.202411081344/tools/bin/../lib/gcc/arm-none-eabi/13.3.1/thumb/v8-m.main+fp/hard\libgcc.a(libunwind.o)
                0x0800efe8                __restore_core_regs
                0x0800efe8                restore_core_regs
                0x0800f000                __gnu_Unwind_Restore_VFP
                0x0800f008                __gnu_Unwind_Save_VFP
                0x0800f010                __gnu_Unwind_Restore_VFP_D
                0x0800f018                __gnu_Unwind_Save_VFP_D
                0x0800f020                __gnu_Unwind_Restore_VFP_D_16_to_31
                0x0800f028                __gnu_Unwind_Save_VFP_D_16_to_31
                0x0800f030                __gnu_Unwind_Restore_WMMXD
                0x0800f074                __gnu_Unwind_Save_WMMXD
                0x0800f0b8                __gnu_Unwind_Restore_WMMXC
                0x0800f0cc                __gnu_Unwind_Save_WMMXC
                0x0800f0e0                ___Unwind_RaiseException
                0x0800f0e0                _Unwind_RaiseException
                0x0800f104                _Unwind_Resume
                0x0800f104                ___Unwind_Resume
                0x0800f128                _Unwind_Resume_or_Rethrow
                0x0800f128                ___Unwind_Resume_or_Rethrow
                0x0800f14c                _Unwind_ForcedUnwind
                0x0800f14c                ___Unwind_ForcedUnwind
                0x0800f170                ___Unwind_Backtrace
                0x0800f170                _Unwind_Backtrace
 .text          0x0800f194      0x3a4 C:/ST/STM32CubeIDE_1.13.2/STM32CubeIDE/plugins/com.st.stm32cube.ide.mcu.externaltools.gnu-tools-for-stm32.13.3.rel1.win32_1.0.0.202411081344/tools/bin/../lib/gcc/arm-none-eabi/13.3.1/thumb/v8-m.main+fp/hard\libgcc.a(pr-support.o)
                0x0800f1ec                __gnu_unwind_execute
                0x0800f4ec                __gnu_unwind_frame
                0x0800f518                _Unwind_GetRegionStart
                0x0800f524                _Unwind_GetLanguageSpecificData
 *(.text*)
 .text.ADC_GetIgniter1Filtered
                0x0800f538       0x18 ./Core/Src/adc.o
                0x0800f538                ADC_GetIgniter1Filtered
 .text.ADC_GetIgniter2Filtered
                0x0800f550       0x18 ./Core/Src/adc.o
                0x0800f550                ADC_GetIgniter2Filtered
 .text.ADC_GetU24Filtered
                0x0800f568       0x18 ./Core/Src/adc.o
                0x0800f568                ADC_GetU24Filtered
 .text.SmaProcess
                0x0800f580       0xd4 ./Core/Src/adc.o
 .text.HAL_ADC_ConvCpltCallback
                0x0800f654       0x8c ./Core/Src/adc.o
                0x0800f654                HAL_ADC_ConvCpltCallback
 .text._ZNK14VDeviceIgniter6GetPwmEv
                0x0800f6e0       0x18 ./Core/Src/app.o
                0x0800f6e0                VDeviceIgniter::GetPwm() const
 .text.__NVIC_SystemReset
                0x0800f6f8       0x2c ./Core/Src/app.o
 .text._ZL7Median3sss
                0x0800f724       0x6a ./Core/Src/app.o
 *fill*         0x0800f78e        0x2 
 .text._Z14MAXReadProcessv
                0x0800f790      0x28c ./Core/Src/app.o
                0x0800f790                MAXReadProcess()
 .text.ListenerCommandCB
                0x0800fa1c       0x16 ./Core/Src/app.o
                0x0800fa1c                ListenerCommandCB
 *fill*         0x0800fa32        0x2 
 .text._ZL26App_FindIgniterSlotByMsgIdm
                0x0800fa34       0x98 ./Core/Src/app.o
 .text.RcvStopExtinguishment
                0x0800facc       0x50 ./Core/Src/app.o
                0x0800facc                RcvStopExtinguishment
 .text.RcvReplyStatusFire
                0x0800fb1c       0x40 ./Core/Src/app.o
                0x0800fb1c                RcvReplyStatusFire
 .text.RcvStartExtinguishment
                0x0800fb5c       0x84 ./Core/Src/app.o
                0x0800fb5c                RcvStartExtinguishment
 .text._ZL25App_DPT_SetResMeasureModev
                0x0800fbe0       0x20 ./Core/Src/app.o
 .text._ZL25App_DPT_SetMaxMeasureModev
                0x0800fc00       0x30 ./Core/Src/app.o
 .text._ZL16VDeviceSetStatushhPKh
                0x0800fc30      0x13c ./Core/Src/app.o
 .text.SetHAdr  0x0800fd6c       0x50 ./Core/Src/app.o
                0x0800fd6c                SetHAdr
 .text.DefaultConfig
                0x0800fdbc      0x128 ./Core/Src/app.o
                0x0800fdbc                DefaultConfig
 .text.GetConfigSize
                0x0800fee4       0x12 ./Core/Src/app.o
                0x0800fee4                GetConfigSize
 *fill*         0x0800fef6        0x2 
 .text.GetConfigWord
                0x0800fef8       0x80 ./Core/Src/app.o
                0x0800fef8                GetConfigWord
 .text.SetConfigWord
                0x0800ff78       0x70 ./Core/Src/app.o
                0x0800ff78                SetConfigWord
 .text.FlashReadConfig
                0x0800ffe8       0x6c ./Core/Src/app.o
 .text.FlashWriteData
                0x08010054      0x22c ./Core/Src/app.o
                0x08010054                FlashWriteData
 .text.SaveConfig
                0x08010280       0x38 ./Core/Src/app.o
                0x08010280                SaveConfig
 .text.ResetMCU
                0x080102b8        0x8 ./Core/Src/app.o
                0x080102b8                ResetMCU
 .text.MCU_K1CommandCB
                0x080102c0       0x2c ./Core/Src/app.o
                0x080102c0                MCU_K1CommandCB
 .text.CommandCB
                0x080102ec       0x78 ./Core/Src/app.o
                0x080102ec                CommandCB
 .text.App_CanOnRx
                0x08010364       0x50 ./Core/Src/app.o
                0x08010364                App_CanOnRx
 .text.App_CanRxPush
                0x080103b4       0xac ./Core/Src/app.o
                0x080103b4                App_CanRxPush
 .text.App_CanProcess
                0x08010460       0x80 ./Core/Src/app.o
                0x08010460                App_CanProcess
 .text.App_Init
                0x080104e0      0x218 ./Core/Src/app.o
                0x080104e0                App_Init
 .text.App_Timer1ms
                0x080106f8      0x2dc ./Core/Src/app.o
                0x080106f8                App_Timer1ms
 .text.App_UpdateCanActivity
                0x080109d4       0x6c ./Core/Src/app.o
                0x080109d4                App_UpdateCanActivity
 .text.App_SetDPTAdcValues
                0x08010a40      0x13c ./Core/Src/app.o
                0x08010a40                App_SetDPTAdcValues
 .text._Z41__static_initialization_and_destruction_0v
                0x08010b7c       0x2c ./Core/Src/app.o
 .text._GLOBAL__sub_I_t_couple
                0x08010ba8        0xa ./Core/Src/app.o
 *fill*         0x08010bb2        0x2 
 .text.FDCAN_StartAll
                0x08010bb4       0x68 ./Core/Src/main.o
 .text.CanTxEnqueue
                0x08010c1c       0xa8 ./Core/Src/main.o
 .text.App_CanTxProcess
                0x08010cc4       0xf4 ./Core/Src/main.o
                0x08010cc4                App_CanTxProcess
 .text.CANSendData
                0x08010db8       0x2a ./Core/Src/main.o
                0x08010db8                CANSendData
 *fill*         0x08010de2        0x2 
 .text.HAL_FDCAN_RxFifo0Callback
                0x08010de4       0xb0 ./Core/Src/main.o
                0x08010de4                HAL_FDCAN_RxFifo0Callback
 .text.HAL_FDCAN_ErrorStatusCallback
                0x08010e94       0x96 ./Core/Src/main.o
                0x08010e94                HAL_FDCAN_ErrorStatusCallback
 *fill*         0x08010f2a        0x2 
 .text.main     0x08010f2c       0x70 ./Core/Src/main.o
                0x08010f2c                main
 .text.SystemClock_Config
                0x08010f9c       0xe4 ./Core/Src/main.o
                0x08010f9c                SystemClock_Config
 .text.MX_ADC1_Init
                0x08011080      0x148 ./Core/Src/main.o
 .text.MX_FDCAN1_Init
                0x080111c8       0x8c ./Core/Src/main.o
 .text.MX_FDCAN2_Init
                0x08011254       0x8c ./Core/Src/main.o
 .text.MX_GPDMA1_Init
                0x080112e0       0x40 ./Core/Src/main.o
 .text.MX_SPI1_Init
                0x08011320       0xb0 ./Core/Src/main.o
 .text.MX_TIM2_Init
                0x080113d0       0xec ./Core/Src/main.o
 .text.MX_TIM4_Init
                0x080114bc       0xec ./Core/Src/main.o
 .text.MX_GPIO_Init
                0x080115a8       0xf4 ./Core/Src/main.o
 .text.Error_Handler
                0x0801169c        0xc ./Core/Src/main.o
                0x0801169c                Error_Handler
 .text.MAX31855_ReadRaw
                0x080116a8       0x70 ./Core/Src/max31855.o
                0x080116a8                MAX31855_ReadRaw
 .text.MAX31855_ReadTemperature
                0x08011718       0xe4 ./Core/Src/max31855.o
                0x08011718                MAX31855_ReadTemperature
 .text.HAL_MspInit
                0x080117fc        0xe ./Core/Src/stm32h5xx_hal_msp.o
                0x080117fc                HAL_MspInit
 *fill*         0x0801180a        0x2 
 .text.HAL_ADC_MspInit
                0x0801180c      0x2e0 ./Core/Src/stm32h5xx_hal_msp.o
                0x0801180c                HAL_ADC_MspInit
 .text.HAL_FDCAN_MspInit
                0x08011aec      0x1c0 ./Core/Src/stm32h5xx_hal_msp.o
                0x08011aec                HAL_FDCAN_MspInit
 .text.HAL_SPI_MspInit
                0x08011cac       0xd0 ./Core/Src/stm32h5xx_hal_msp.o
                0x08011cac                HAL_SPI_MspInit
 .text.HAL_TIM_Base_MspInit
                0x08011d7c       0x70 ./Core/Src/stm32h5xx_hal_msp.o
                0x08011d7c                HAL_TIM_Base_MspInit
 .text.HAL_TIM_MspPostInit
                0x08011dec       0xc4 ./Core/Src/stm32h5xx_hal_msp.o
                0x08011dec                HAL_TIM_MspPostInit
 .text.NMI_Handler
                0x08011eb0        0x8 ./Core/Src/stm32h5xx_it.o
                0x08011eb0                NMI_Handler
 .text.HardFault_Handler
                0x08011eb8        0x8 ./Core/Src/stm32h5xx_it.o
                0x08011eb8                HardFault_Handler
 .text.MemManage_Handler
                0x08011ec0        0x8 ./Core/Src/stm32h5xx_it.o
                0x08011ec0                MemManage_Handler
 .text.BusFault_Handler
                0x08011ec8        0x8 ./Core/Src/stm32h5xx_it.o
                0x08011ec8                BusFault_Handler
 .text.UsageFault_Handler
                0x08011ed0        0x8 ./Core/Src/stm32h5xx_it.o
                0x08011ed0                UsageFault_Handler
 .text.SVC_Handler
                0x08011ed8        0xe ./Core/Src/stm32h5xx_it.o
                0x08011ed8                SVC_Handler
 .text.DebugMon_Handler
                0x08011ee6        0xe ./Core/Src/stm32h5xx_it.o
                0x08011ee6                DebugMon_Handler
 .text.PendSV_Handler
                0x08011ef4        0xe ./Core/Src/stm32h5xx_it.o
                0x08011ef4                PendSV_Handler
 .text.SysTick_Handler
                0x08011f02        0xc ./Core/Src/stm32h5xx_it.o
                0x08011f02                SysTick_Handler
 *fill*         0x08011f0e        0x2 
 .text.GPDMA1_Channel0_IRQHandler
                0x08011f10       0x14 ./Core/Src/stm32h5xx_it.o
                0x08011f10                GPDMA1_Channel0_IRQHandler
 .text.ADC1_IRQHandler
                0x08011f24       0x14 ./Core/Src/stm32h5xx_it.o
                0x08011f24                ADC1_IRQHandler
 .text.FDCAN1_IT0_IRQHandler
                0x08011f38       0x14 ./Core/Src/stm32h5xx_it.o
                0x08011f38                FDCAN1_IT0_IRQHandler
 .text.FDCAN2_IT0_IRQHandler
                0x08011f4c       0x14 ./Core/Src/stm32h5xx_it.o
                0x08011f4c                FDCAN2_IT0_IRQHandler
 .text._getpid  0x08011f60       0x10 ./Core/Src/syscalls.o
                0x08011f60                _getpid
 .text._kill    0x08011f70       0x20 ./Core/Src/syscalls.o
                0x08011f70                _kill
 .text._exit    0x08011f90       0x16 ./Core/Src/syscalls.o
                0x08011f90                _exit
 *fill*         0x08011fa6        0x2 
 .text.SystemInit
                0x08011fa8       0xf8 ./Core/Src/system_stm32h5xx.o
                0x08011fa8                SystemInit
 .text.__NVIC_SystemReset
                0x080120a0       0x2c ./Core/Src/upd.o
 .text._ZL15UpdateFlushQuadv
                0x080120cc       0xac ./Core/Src/upd.o
 .text._ZL15UpdateEraseAreav
                0x08012178       0xc4 ./Core/Src/upd.o
 .text.SetUpdateWord
                0x0801223c      0x1b4 ./Core/Src/upd.o
                0x0801223c                SetUpdateWord
 .text.FinishUpdateTransmit
                0x080123f0       0x40 ./Core/Src/upd.o
                0x080123f0                FinishUpdateTransmit
 .text.GetAppVersion
                0x08012430       0x10 ./Core/Src/upd.o
                0x08012430                GetAppVersion
 .text.Reset_Handler
                0x08012440       0x50 ./Core/Startup/startup_stm32h523retx.o
                0x08012440                Reset_Handler
 .text.Default_Handler
                0x08012490        0x2 ./Core/Startup/startup_stm32h523retx.o
                0x08012490                EXTI2_IRQHandler
                0x08012490                TIM8_TRG_COM_IRQHandler
                0x08012490                TIM8_CC_IRQHandler
                0x08012490                EXTI5_IRQHandler
                0x08012490                I3C1_ER_IRQHandler
                0x08012490                SPI4_IRQHandler
                0x08012490                GPDMA2_Channel1_IRQHandler
                0x08012490                FLASH_S_IRQHandler
                0x08012490                EXTI13_IRQHandler
                0x08012490                TIM1_CC_IRQHandler
                0x08012490                GPDMA2_Channel3_IRQHandler
                0x08012490                TAMP_IRQHandler
                0x08012490                TIM6_IRQHandler
                0x08012490                EXTI12_IRQHandler
                0x08012490                USB_DRD_FS_IRQHandler
                0x08012490                EXTI3_IRQHandler
                0x08012490                GPDMA1_Channel5_IRQHandler
                0x08012490                EXTI8_IRQHandler
                0x08012490                GPDMA2_Channel5_IRQHandler
                0x08012490                LPTIM2_IRQHandler
                0x08012490                I2C3_ER_IRQHandler
                0x08012490                GPDMA2_Channel2_IRQHandler
                0x08012490                EXTI0_IRQHandler
                0x08012490                I2C2_EV_IRQHandler
                0x08012490                FPU_IRQHandler
                0x08012490                GPDMA1_Channel3_IRQHandler
                0x08012490                GPDMA1_Channel7_IRQHandler
                0x08012490                FDCAN1_IT1_IRQHandler
                0x08012490                RAMCFG_IRQHandler
                0x08012490                DCACHE1_IRQHandler
                0x08012490                SPI1_IRQHandler
                0x08012490                OCTOSPI1_IRQHandler
                0x08012490                GPDMA1_Channel2_IRQHandler
                0x08012490                TIM8_UP_IRQHandler
                0x08012490                RCC_S_IRQHandler
                0x08012490                USART6_IRQHandler
                0x08012490                I3C2_ER_IRQHandler
                0x08012490                EXTI15_IRQHandler
                0x08012490                USART3_IRQHandler
                0x08012490                RTC_IRQHandler
                0x08012490                EXTI9_IRQHandler
                0x08012490                UART5_IRQHandler
                0x08012490                TIM4_IRQHandler
                0x08012490                I3C2_EV_IRQHandler
                0x08012490                I2C1_EV_IRQHandler
                0x08012490                GPDMA1_Channel1_IRQHandler
                0x08012490                UART4_IRQHandler
                0x08012490                SecureFault_Handler
                0x08012490                TIM3_IRQHandler
                0x08012490                RCC_IRQHandler
                0x08012490                TIM1_TRG_COM_IRQHandler
                0x08012490                Default_Handler
                0x08012490                CEC_IRQHandler
                0x08012490                GPDMA2_Channel4_IRQHandler
                0x08012490                TIM12_IRQHandler
                0x08012490                TIM7_IRQHandler
                0x08012490                SDMMC1_IRQHandler
                0x08012490                TIM5_IRQHandler
                0x08012490                UCPD1_IRQHandler
                0x08012490                I3C1_EV_IRQHandler
                0x08012490                TIM15_IRQHandler
                0x08012490                PVD_AVD_IRQHandler
                0x08012490                I2C3_EV_IRQHandler
                0x08012490                ADC2_IRQHandler
                0x08012490                SPI2_IRQHandler
                0x08012490                EXTI14_IRQHandler
                0x08012490                EXTI11_IRQHandler
                0x08012490                CRS_IRQHandler
                0x08012490                EXTI4_IRQHandler
                0x08012490                GPDMA2_Channel0_IRQHandler
                0x08012490                RTC_S_IRQHandler
                0x08012490                RNG_IRQHandler
                0x08012490                FDCAN2_IT1_IRQHandler
                0x08012490                GPDMA2_Channel6_IRQHandler
                0x08012490                TIM1_UP_IRQHandler
                0x08012490                WWDG_IRQHandler
                0x08012490                IWDG_IRQHandler
                0x08012490                LPUART1_IRQHandler
                0x08012490                TIM2_IRQHandler
                0x08012490                GPDMA1_Channel4_IRQHandler
                0x08012490                EXTI7_IRQHandler
                0x08012490                TIM1_BRK_IRQHandler
                0x08012490                EXTI1_IRQHandler
                0x08012490                DAC1_IRQHandler
                0x08012490                DTS_IRQHandler
                0x08012490                GTZC_IRQHandler
                0x08012490                USART2_IRQHandler
                0x08012490                GPDMA1_Channel6_IRQHandler
                0x08012490                GPDMA2_Channel7_IRQHandler
                0x08012490                I2C2_ER_IRQHandler
                0x08012490                TIM8_BRK_IRQHandler
                0x08012490                FLASH_IRQHandler
                0x08012490                USART1_IRQHandler
                0x08012490                EXTI10_IRQHandler
                0x08012490                SPI3_IRQHandler
                0x08012490                I2C1_ER_IRQHandler
                0x08012490                FMC_IRQHandler
                0x08012490                EXTI6_IRQHandler
                0x08012490                LPTIM1_IRQHandler
                0x08012490                DCMI_PSSI_IRQHandler
                0x08012490                ICACHE_IRQHandler
                0x08012490                HASH_IRQHandler
 *fill*         0x08012492        0x2 
 .text.HAL_Init
                0x08012494       0x50 ./Drivers/STM32H5xx_HAL_Driver/Src/stm32h5xx_hal.o
                0x08012494                HAL_Init
 .text.HAL_InitTick
                0x080124e4       0xec ./Drivers/STM32H5xx_HAL_Driver/Src/stm32h5xx_hal.o
                0x080124e4                HAL_InitTick
 .text.HAL_IncTick
                0x080125d0       0x28 ./Drivers/STM32H5xx_HAL_Driver/Src/stm32h5xx_hal.o
                0x080125d0                HAL_IncTick
 .text.HAL_GetTick
                0x080125f8       0x18 ./Drivers/STM32H5xx_HAL_Driver/Src/stm32h5xx_hal.o
                0x080125f8                HAL_GetTick
 .text.HAL_GetDEVID
                0x08012610       0x1c ./Drivers/STM32H5xx_HAL_Driver/Src/stm32h5xx_hal.o
                0x08012610                HAL_GetDEVID
 .text.HAL_GetUIDw0
                0x0801262c       0x18 ./Drivers/STM32H5xx_HAL_Driver/Src/stm32h5xx_hal.o
                0x0801262c                HAL_GetUIDw0
 .text.HAL_GetUIDw1
                0x08012644       0x18 ./Drivers/STM32H5xx_HAL_Driver/Src/stm32h5xx_hal.o
                0x08012644                HAL_GetUIDw1
 .text.HAL_GetUIDw2
                0x0801265c       0x18 ./Drivers/STM32H5xx_HAL_Driver/Src/stm32h5xx_hal.o
                0x0801265c                HAL_GetUIDw2
 .text.LL_ADC_SetCommonClock
                0x08012674       0x26 ./Drivers/STM32H5xx_HAL_Driver/Src/stm32h5xx_hal_adc.o
 .text.LL_ADC_SetCommonPathInternalCh
                0x0801269a       0x26 ./Drivers/STM32H5xx_HAL_Driver/Src/stm32h5xx_hal_adc.o
 .text.LL_ADC_GetCommonPathInternalCh
                0x080126c0       0x1c ./Drivers/STM32H5xx_HAL_Driver/Src/stm32h5xx_hal_adc.o
 .text.LL_ADC_EnableChannelVDDcore
                0x080126dc       0x24 ./Drivers/STM32H5xx_HAL_Driver/Src/stm32h5xx_hal_adc.o
 .text.LL_ADC_EnableChannel0_GPIO
                0x08012700       0x28 ./Drivers/STM32H5xx_HAL_Driver/Src/stm32h5xx_hal_adc.o
 .text.LL_ADC_SetOffset
                0x08012728       0x48 ./Drivers/STM32H5xx_HAL_Driver/Src/stm32h5xx_hal_adc.o
 .text.LL_ADC_GetOffsetChannel
                0x08012770       0x2c ./Drivers/STM32H5xx_HAL_Driver/Src/stm32h5xx_hal_adc.o
 .text.LL_ADC_SetOffsetState
                0x0801279c       0x36 ./Drivers/STM32H5xx_HAL_Driver/Src/stm32h5xx_hal_adc.o
 .text.LL_ADC_SetOffsetSign
                0x080127d2       0x36 ./Drivers/STM32H5xx_HAL_Driver/Src/stm32h5xx_hal_adc.o
 .text.LL_ADC_SetOffsetSaturation
                0x08012808       0x36 ./Drivers/STM32H5xx_HAL_Driver/Src/stm32h5xx_hal_adc.o
 .text.LL_ADC_SetSamplingTimeCommonConfig
                0x0801283e       0x26 ./Drivers/STM32H5xx_HAL_Driver/Src/stm32h5xx_hal_adc.o
 .text.LL_ADC_REG_IsTriggerSourceSWStart
                0x08012864       0x26 ./Drivers/STM32H5xx_HAL_Driver/Src/stm32h5xx_hal_adc.o
 .text.LL_ADC_REG_SetSequencerRanks
                0x0801288a       0x58 ./Drivers/STM32H5xx_HAL_Driver/Src/stm32h5xx_hal_adc.o
 .text.LL_ADC_INJ_IsTriggerSourceSWStart
                0x080128e2       0x26 ./Drivers/STM32H5xx_HAL_Driver/Src/stm32h5xx_hal_adc.o
 .text.LL_ADC_SetChannelSamplingTime
                0x08012908       0x56 ./Drivers/STM32H5xx_HAL_Driver/Src/stm32h5xx_hal_adc.o
 *fill*         0x0801295e        0x2 
 .text.LL_ADC_SetChannelSingleDiff
                0x08012960       0x48 ./Drivers/STM32H5xx_HAL_Driver/Src/stm32h5xx_hal_adc.o
 .text.LL_ADC_GetMultimode
                0x080129a8       0x1c ./Drivers/STM32H5xx_HAL_Driver/Src/stm32h5xx_hal_adc.o
 .text.LL_ADC_GetMultiDMATransfer
                0x080129c4       0x1c ./Drivers/STM32H5xx_HAL_Driver/Src/stm32h5xx_hal_adc.o
 .text.LL_ADC_DisableDeepPowerDown
                0x080129e0       0x24 ./Drivers/STM32H5xx_HAL_Driver/Src/stm32h5xx_hal_adc.o
 .text.LL_ADC_IsDeepPowerDownEnabled
                0x08012a04       0x28 ./Drivers/STM32H5xx_HAL_Driver/Src/stm32h5xx_hal_adc.o
 .text.LL_ADC_EnableInternalRegulator
                0x08012a2c       0x28 ./Drivers/STM32H5xx_HAL_Driver/Src/stm32h5xx_hal_adc.o
 .text.LL_ADC_IsInternalRegulatorEnabled
                0x08012a54       0x28 ./Drivers/STM32H5xx_HAL_Driver/Src/stm32h5xx_hal_adc.o
 .text.LL_ADC_Enable
                0x08012a7c       0x28 ./Drivers/STM32H5xx_HAL_Driver/Src/stm32h5xx_hal_adc.o
 .text.LL_ADC_IsEnabled
                0x08012aa4       0x26 ./Drivers/STM32H5xx_HAL_Driver/Src/stm32h5xx_hal_adc.o
 .text.LL_ADC_REG_StartConversion
                0x08012aca       0x28 ./Drivers/STM32H5xx_HAL_Driver/Src/stm32h5xx_hal_adc.o
 .text.LL_ADC_REG_IsConversionOngoing
                0x08012af2       0x26 ./Drivers/STM32H5xx_HAL_Driver/Src/stm32h5xx_hal_adc.o
 .text.LL_ADC_INJ_IsConversionOngoing
                0x08012b18       0x26 ./Drivers/STM32H5xx_HAL_Driver/Src/stm32h5xx_hal_adc.o
 *fill*         0x08012b3e        0x2 
 .text.HAL_ADC_Init
                0x08012b40      0x2a8 ./Drivers/STM32H5xx_HAL_Driver/Src/stm32h5xx_hal_adc.o
                0x08012b40                HAL_ADC_Init
 .text.HAL_ADC_Start_DMA
                0x08012de8      0x254 ./Drivers/STM32H5xx_HAL_Driver/Src/stm32h5xx_hal_adc.o
                0x08012de8                HAL_ADC_Start_DMA
 .text.HAL_ADC_IRQHandler
                0x0801303c      0x434 ./Drivers/STM32H5xx_HAL_Driver/Src/stm32h5xx_hal_adc.o
                0x0801303c                HAL_ADC_IRQHandler
 .text.HAL_ADC_ConvHalfCpltCallback
                0x08013470       0x14 ./Drivers/STM32H5xx_HAL_Driver/Src/stm32h5xx_hal_adc.o
                0x08013470                HAL_ADC_ConvHalfCpltCallback
 .text.HAL_ADC_LevelOutOfWindowCallback
                0x08013484       0x14 ./Drivers/STM32H5xx_HAL_Driver/Src/stm32h5xx_hal_adc.o
                0x08013484                HAL_ADC_LevelOutOfWindowCallback
 .text.HAL_ADC_ErrorCallback
                0x08013498       0x14 ./Drivers/STM32H5xx_HAL_Driver/Src/stm32h5xx_hal_adc.o
                0x08013498                HAL_ADC_ErrorCallback
 .text.HAL_ADC_ConfigChannel
                0x080134ac      0x820 ./Drivers/STM32H5xx_HAL_Driver/Src/stm32h5xx_hal_adc.o
                0x080134ac                HAL_ADC_ConfigChannel
 .text.ADC_Enable
                0x08013ccc      0x104 ./Drivers/STM32H5xx_HAL_Driver/Src/stm32h5xx_hal_adc.o
                0x08013ccc                ADC_Enable
 .text.ADC_DMAConvCplt
                0x08013dd0       0xd8 ./Drivers/STM32H5xx_HAL_Driver/Src/stm32h5xx_hal_adc.o
                0x08013dd0                ADC_DMAConvCplt
 .text.ADC_DMAHalfConvCplt
                0x08013ea8       0x1c ./Drivers/STM32H5xx_HAL_Driver/Src/stm32h5xx_hal_adc.o
                0x08013ea8                ADC_DMAHalfConvCplt
 .text.ADC_DMAError
                0x08013ec4       0x34 ./Drivers/STM32H5xx_HAL_Driver/Src/stm32h5xx_hal_adc.o
                0x08013ec4                ADC_DMAError
 .text.HAL_ADCEx_InjectedConvCpltCallback
                0x08013ef8       0x14 ./Drivers/STM32H5xx_HAL_Driver/Src/stm32h5xx_hal_adc_ex.o
                0x08013ef8                HAL_ADCEx_InjectedConvCpltCallback
 .text.HAL_ADCEx_InjectedQueueOverflowCallback
                0x08013f0c       0x14 ./Drivers/STM32H5xx_HAL_Driver/Src/stm32h5xx_hal_adc_ex.o
                0x08013f0c                HAL_ADCEx_InjectedQueueOverflowCallback
 .text.HAL_ADCEx_LevelOutOfWindow2Callback
                0x08013f20       0x14 ./Drivers/STM32H5xx_HAL_Driver/Src/stm32h5xx_hal_adc_ex.o
                0x08013f20                HAL_ADCEx_LevelOutOfWindow2Callback
 .text.HAL_ADCEx_LevelOutOfWindow3Callback
                0x08013f34       0x14 ./Drivers/STM32H5xx_HAL_Driver/Src/stm32h5xx_hal_adc_ex.o
                0x08013f34                HAL_ADCEx_LevelOutOfWindow3Callback
 .text.HAL_ADCEx_EndOfSamplingCallback
                0x08013f48       0x14 ./Drivers/STM32H5xx_HAL_Driver/Src/stm32h5xx_hal_adc_ex.o
                0x08013f48                HAL_ADCEx_EndOfSamplingCallback
 .text.__NVIC_SetPriorityGrouping
                0x08013f5c       0x48 ./Drivers/STM32H5xx_HAL_Driver/Src/stm32h5xx_hal_cortex.o
 .text.__NVIC_GetPriorityGrouping
                0x08013fa4       0x1c ./Drivers/STM32H5xx_HAL_Driver/Src/stm32h5xx_hal_cortex.o
 .text.__NVIC_EnableIRQ
                0x08013fc0       0x3c ./Drivers/STM32H5xx_HAL_Driver/Src/stm32h5xx_hal_cortex.o
 .text.__NVIC_SetPriority
                0x08013ffc       0x54 ./Drivers/STM32H5xx_HAL_Driver/Src/stm32h5xx_hal_cortex.o
 .text.NVIC_EncodePriority
                0x08014050       0x66 ./Drivers/STM32H5xx_HAL_Driver/Src/stm32h5xx_hal_cortex.o
 .text.HAL_NVIC_SetPriorityGrouping
                0x080140b6       0x16 ./Drivers/STM32H5xx_HAL_Driver/Src/stm32h5xx_hal_cortex.o
                0x080140b6                HAL_NVIC_SetPriorityGrouping
 .text.HAL_NVIC_SetPriority
                0x080140cc       0x34 ./Drivers/STM32H5xx_HAL_Driver/Src/stm32h5xx_hal_cortex.o
                0x080140cc                HAL_NVIC_SetPriority
 .text.HAL_NVIC_EnableIRQ
                0x08014100       0x1c ./Drivers/STM32H5xx_HAL_Driver/Src/stm32h5xx_hal_cortex.o
                0x08014100                HAL_NVIC_EnableIRQ
 .text.HAL_SYSTICK_Config
                0x0801411c       0x44 ./Drivers/STM32H5xx_HAL_Driver/Src/stm32h5xx_hal_cortex.o
                0x0801411c                HAL_SYSTICK_Config
 .text.HAL_SYSTICK_CLKSourceConfig
                0x08014160       0xb0 ./Drivers/STM32H5xx_HAL_Driver/Src/stm32h5xx_hal_cortex.o
                0x08014160                HAL_SYSTICK_CLKSourceConfig
 .text.HAL_SYSTICK_GetCLKSourceConfig
                0x08014210       0x6c ./Drivers/STM32H5xx_HAL_Driver/Src/stm32h5xx_hal_cortex.o
                0x08014210                HAL_SYSTICK_GetCLKSourceConfig
 .text.HAL_DMA_Start_IT
                0x0801427c       0xcc ./Drivers/STM32H5xx_HAL_Driver/Src/stm32h5xx_hal_dma.o
                0x0801427c                HAL_DMA_Start_IT
 .text.HAL_DMA_IRQHandler
                0x08014348      0x2c2 ./Drivers/STM32H5xx_HAL_Driver/Src/stm32h5xx_hal_dma.o
                0x08014348                HAL_DMA_IRQHandler
 .text.HAL_DMA_ConfigChannelAttributes
                0x0801460a       0x78 ./Drivers/STM32H5xx_HAL_Driver/Src/stm32h5xx_hal_dma.o
                0x0801460a                HAL_DMA_ConfigChannelAttributes
 .text.DMA_SetConfig
                0x08014682       0x4a ./Drivers/STM32H5xx_HAL_Driver/Src/stm32h5xx_hal_dma.o
 .text.HAL_DMAEx_List_Init
                0x080146cc      0x258 ./Drivers/STM32H5xx_HAL_Driver/Src/stm32h5xx_hal_dma_ex.o
                0x080146cc                HAL_DMAEx_List_Init
 .text.HAL_DMAEx_List_Start_IT
                0x08014924      0x134 ./Drivers/STM32H5xx_HAL_Driver/Src/stm32h5xx_hal_dma_ex.o
                0x08014924                HAL_DMAEx_List_Start_IT
 .text.HAL_DMAEx_List_BuildNode
                0x08014a58       0x2c ./Drivers/STM32H5xx_HAL_Driver/Src/stm32h5xx_hal_dma_ex.o
                0x08014a58                HAL_DMAEx_List_BuildNode
 .text.HAL_DMAEx_List_GetNodeConfig
                0x08014a84       0x2c ./Drivers/STM32H5xx_HAL_Driver/Src/stm32h5xx_hal_dma_ex.o
                0x08014a84                HAL_DMAEx_List_GetNodeConfig
 .text.HAL_DMAEx_List_InsertNode
                0x08014ab0      0x192 ./Drivers/STM32H5xx_HAL_Driver/Src/stm32h5xx_hal_dma_ex.o
                0x08014ab0                HAL_DMAEx_List_InsertNode
 .text.HAL_DMAEx_List_SetCircularMode
                0x08014c42       0xc0 ./Drivers/STM32H5xx_HAL_Driver/Src/stm32h5xx_hal_dma_ex.o
                0x08014c42                HAL_DMAEx_List_SetCircularMode
 *fill*         0x08014d02        0x2 
 .text.HAL_DMAEx_List_LinkQ
                0x08014d04      0x138 ./Drivers/STM32H5xx_HAL_Driver/Src/stm32h5xx_hal_dma_ex.o
                0x08014d04                HAL_DMAEx_List_LinkQ
 .text.DMA_List_Init
                0x08014e3c      0x2b0 ./Drivers/STM32H5xx_HAL_Driver/Src/stm32h5xx_hal_dma_ex.o
 .text.DMA_List_BuildNode
                0x080150ec      0x2c0 ./Drivers/STM32H5xx_HAL_Driver/Src/stm32h5xx_hal_dma_ex.o
 .text.DMA_List_GetNodeConfig
                0x080153ac      0x214 ./Drivers/STM32H5xx_HAL_Driver/Src/stm32h5xx_hal_dma_ex.o
 .text.DMA_List_CheckNodesBaseAddresses
                0x080155c0       0x60 ./Drivers/STM32H5xx_HAL_Driver/Src/stm32h5xx_hal_dma_ex.o
 .text.DMA_List_CheckNodesTypes
                0x08015620       0x78 ./Drivers/STM32H5xx_HAL_Driver/Src/stm32h5xx_hal_dma_ex.o
 .text.DMA_List_GetCLLRNodeInfo
                0x08015698       0x60 ./Drivers/STM32H5xx_HAL_Driver/Src/stm32h5xx_hal_dma_ex.o
 .text.DMA_List_FindNode
                0x080156f8      0x13e ./Drivers/STM32H5xx_HAL_Driver/Src/stm32h5xx_hal_dma_ex.o
 *fill*         0x08015836        0x2 
 .text.HAL_FDCAN_Init
                0x08015838      0x2b4 ./Drivers/STM32H5xx_HAL_Driver/Src/stm32h5xx_hal_fdcan.o
                0x08015838                HAL_FDCAN_Init
 .text.HAL_FDCAN_ConfigFilter
                0x08015aec       0xb4 ./Drivers/STM32H5xx_HAL_Driver/Src/stm32h5xx_hal_fdcan.o
                0x08015aec                HAL_FDCAN_ConfigFilter
 .text.HAL_FDCAN_Start
                0x08015ba0       0x50 ./Drivers/STM32H5xx_HAL_Driver/Src/stm32h5xx_hal_fdcan.o
                0x08015ba0                HAL_FDCAN_Start
 .text.HAL_FDCAN_AddMessageToTxFifoQ
                0x08015bf0       0x88 ./Drivers/STM32H5xx_HAL_Driver/Src/stm32h5xx_hal_fdcan.o
                0x08015bf0                HAL_FDCAN_AddMessageToTxFifoQ
 .text.HAL_FDCAN_GetRxMessage
                0x08015c78      0x210 ./Drivers/STM32H5xx_HAL_Driver/Src/stm32h5xx_hal_fdcan.o
                0x08015c78                HAL_FDCAN_GetRxMessage
 .text.HAL_FDCAN_GetProtocolStatus
                0x08015e88       0xa0 ./Drivers/STM32H5xx_HAL_Driver/Src/stm32h5xx_hal_fdcan.o
                0x08015e88                HAL_FDCAN_GetProtocolStatus
 .text.HAL_FDCAN_GetRxFifoFillLevel
                0x08015f28       0x3c ./Drivers/STM32H5xx_HAL_Driver/Src/stm32h5xx_hal_fdcan.o
                0x08015f28                HAL_FDCAN_GetRxFifoFillLevel
 .text.HAL_FDCAN_GetTxFifoFreeLevel
                0x08015f64       0x24 ./Drivers/STM32H5xx_HAL_Driver/Src/stm32h5xx_hal_fdcan.o
                0x08015f64                HAL_FDCAN_GetTxFifoFreeLevel
 .text.HAL_FDCAN_ActivateNotification
                0x08015f88      0x1cc ./Drivers/STM32H5xx_HAL_Driver/Src/stm32h5xx_hal_fdcan.o
                0x08015f88                HAL_FDCAN_ActivateNotification
 .text.HAL_FDCAN_IRQHandler
                0x08016154      0x266 ./Drivers/STM32H5xx_HAL_Driver/Src/stm32h5xx_hal_fdcan.o
                0x08016154                HAL_FDCAN_IRQHandler
 .text.HAL_FDCAN_TxEventFifoCallback
                0x080163ba       0x16 ./Drivers/STM32H5xx_HAL_Driver/Src/stm32h5xx_hal_fdcan.o
                0x080163ba                HAL_FDCAN_TxEventFifoCallback
 .text.HAL_FDCAN_RxFifo1Callback
                0x080163d0       0x16 ./Drivers/STM32H5xx_HAL_Driver/Src/stm32h5xx_hal_fdcan.o
                0x080163d0                HAL_FDCAN_RxFifo1Callback
 .text.HAL_FDCAN_TxFifoEmptyCallback
                0x080163e6       0x14 ./Drivers/STM32H5xx_HAL_Driver/Src/stm32h5xx_hal_fdcan.o
                0x080163e6                HAL_FDCAN_TxFifoEmptyCallback
 .text.HAL_FDCAN_TxBufferCompleteCallback
                0x080163fa       0x16 ./Drivers/STM32H5xx_HAL_Driver/Src/stm32h5xx_hal_fdcan.o
                0x080163fa                HAL_FDCAN_TxBufferCompleteCallback
 .text.HAL_FDCAN_TxBufferAbortCallback
                0x08016410       0x16 ./Drivers/STM32H5xx_HAL_Driver/Src/stm32h5xx_hal_fdcan.o
                0x08016410                HAL_FDCAN_TxBufferAbortCallback
 .text.HAL_FDCAN_TimestampWraparoundCallback
                0x08016426       0x14 ./Drivers/STM32H5xx_HAL_Driver/Src/stm32h5xx_hal_fdcan.o
                0x08016426                HAL_FDCAN_TimestampWraparoundCallback
 .text.HAL_FDCAN_TimeoutOccurredCallback
                0x0801643a       0x14 ./Drivers/STM32H5xx_HAL_Driver/Src/stm32h5xx_hal_fdcan.o
                0x0801643a                HAL_FDCAN_TimeoutOccurredCallback
 .text.HAL_FDCAN_HighPriorityMessageCallback
                0x0801644e       0x14 ./Drivers/STM32H5xx_HAL_Driver/Src/stm32h5xx_hal_fdcan.o
                0x0801644e                HAL_FDCAN_HighPriorityMessageCallback
 .text.HAL_FDCAN_ErrorCallback
                0x08016462       0x14 ./Drivers/STM32H5xx_HAL_Driver/Src/stm32h5xx_hal_fdcan.o
                0x08016462                HAL_FDCAN_ErrorCallback
 *fill*         0x08016476        0x2 
 .text.FDCAN_CalcultateRamBlockAddresses
                0x08016478       0xc4 ./Drivers/STM32H5xx_HAL_Driver/Src/stm32h5xx_hal_fdcan.o
 .text.FDCAN_CopyMessageToRAM
                0x0801653c       0xf8 ./Drivers/STM32H5xx_HAL_Driver/Src/stm32h5xx_hal_fdcan.o
 .text.HAL_FLASH_Program
                0x08016634       0xf0 ./Drivers/STM32H5xx_HAL_Driver/Src/stm32h5xx_hal_flash.o
                0x08016634                HAL_FLASH_Program
 .text.HAL_FLASH_Unlock
                0x08016724       0x4c ./Drivers/STM32H5xx_HAL_Driver/Src/stm32h5xx_hal_flash.o
                0x08016724                HAL_FLASH_Unlock
 .text.HAL_FLASH_Lock
                0x08016770       0x38 ./Drivers/STM32H5xx_HAL_Driver/Src/stm32h5xx_hal_flash.o
                0x08016770                HAL_FLASH_Lock
 .text.FLASH_WaitForLastOperation
                0x080167a8       0x9c ./Drivers/STM32H5xx_HAL_Driver/Src/stm32h5xx_hal_flash.o
                0x080167a8                FLASH_WaitForLastOperation
 .text.FLASH_Program_QuadWord
                0x08016844       0x78 ./Drivers/STM32H5xx_HAL_Driver/Src/stm32h5xx_hal_flash.o
 .text.FLASH_Program_QuadWord_OBK
                0x080168bc       0x98 ./Drivers/STM32H5xx_HAL_Driver/Src/stm32h5xx_hal_flash.o
 .text.FLASH_Program_HalfWord
                0x08016954       0x34 ./Drivers/STM32H5xx_HAL_Driver/Src/stm32h5xx_hal_flash.o
 .text.FLASH_Program_Word
                0x08016988       0x34 ./Drivers/STM32H5xx_HAL_Driver/Src/stm32h5xx_hal_flash.o
 .text.HAL_FLASHEx_Erase
                0x080169bc      0x100 ./Drivers/STM32H5xx_HAL_Driver/Src/stm32h5xx_hal_flash_ex.o
                0x080169bc                HAL_FLASHEx_Erase
 .text.FLASH_MassErase
                0x08016abc       0x70 ./Drivers/STM32H5xx_HAL_Driver/Src/stm32h5xx_hal_flash_ex.o
 .text.FLASH_Erase_Sector
                0x08016b2c       0x70 ./Drivers/STM32H5xx_HAL_Driver/Src/stm32h5xx_hal_flash_ex.o
                0x08016b2c                FLASH_Erase_Sector
 .text.FLASH_OBKErase
                0x08016b9c       0x28 ./Drivers/STM32H5xx_HAL_Driver/Src/stm32h5xx_hal_flash_ex.o
 .text.HAL_GPIO_Init
                0x08016bc4      0x2bc ./Drivers/STM32H5xx_HAL_Driver/Src/stm32h5xx_hal_gpio.o
                0x08016bc4                HAL_GPIO_Init
 .text.HAL_GPIO_ReadPin
                0x08016e80       0x30 ./Drivers/STM32H5xx_HAL_Driver/Src/stm32h5xx_hal_gpio.o
                0x08016e80                HAL_GPIO_ReadPin
 .text.HAL_GPIO_WritePin
                0x08016eb0       0x30 ./Drivers/STM32H5xx_HAL_Driver/Src/stm32h5xx_hal_gpio.o
                0x08016eb0                HAL_GPIO_WritePin
 .text.HAL_GPIO_TogglePin
                0x08016ee0       0x34 ./Drivers/STM32H5xx_HAL_Driver/Src/stm32h5xx_hal_gpio.o
                0x08016ee0                HAL_GPIO_TogglePin
 .text.HAL_RCC_OscConfig
                0x08016f14      0x870 ./Drivers/STM32H5xx_HAL_Driver/Src/stm32h5xx_hal_rcc.o
                0x08016f14                HAL_RCC_OscConfig
 .text.HAL_RCC_ClockConfig
                0x08017784      0x370 ./Drivers/STM32H5xx_HAL_Driver/Src/stm32h5xx_hal_rcc.o
                0x08017784                HAL_RCC_ClockConfig
 .text.HAL_RCC_GetSysClockFreq
                0x08017af4      0x258 ./Drivers/STM32H5xx_HAL_Driver/Src/stm32h5xx_hal_rcc.o
                0x08017af4                HAL_RCC_GetSysClockFreq
 .text.HAL_RCC_GetHCLKFreq
                0x08017d4c       0x38 ./Drivers/STM32H5xx_HAL_Driver/Src/stm32h5xx_hal_rcc.o
                0x08017d4c                HAL_RCC_GetHCLKFreq
 .text.HAL_RCCEx_PeriphCLKConfig
                0x08017d84     0x1380 ./Drivers/STM32H5xx_HAL_Driver/Src/stm32h5xx_hal_rcc_ex.o
                0x08017d84                HAL_RCCEx_PeriphCLKConfig
 .text.RCCEx_PLL2_Config
                0x08019104      0x130 ./Drivers/STM32H5xx_HAL_Driver/Src/stm32h5xx_hal_rcc_ex.o
 .text.RCCEx_PLL3_Config
                0x08019234      0x130 ./Drivers/STM32H5xx_HAL_Driver/Src/stm32h5xx_hal_rcc_ex.o
 .text.HAL_SPI_Init
                0x08019364      0x258 ./Drivers/STM32H5xx_HAL_Driver/Src/stm32h5xx_hal_spi.o
                0x08019364                HAL_SPI_Init
 .text.HAL_SPI_Receive
                0x080195bc      0x544 ./Drivers/STM32H5xx_HAL_Driver/Src/stm32h5xx_hal_spi.o
                0x080195bc                HAL_SPI_Receive
 .text.SPI_CloseTransfer
                0x08019b00      0x140 ./Drivers/STM32H5xx_HAL_Driver/Src/stm32h5xx_hal_spi.o
 .text.SPI_GetPacketSize
                0x08019c40       0x36 ./Drivers/STM32H5xx_HAL_Driver/Src/stm32h5xx_hal_spi.o
 .text.HAL_TIM_Base_Init
                0x08019c76       0xae ./Drivers/STM32H5xx_HAL_Driver/Src/stm32h5xx_hal_tim.o
                0x08019c76                HAL_TIM_Base_Init
 .text.HAL_TIM_PWM_Init
                0x08019d24       0xae ./Drivers/STM32H5xx_HAL_Driver/Src/stm32h5xx_hal_tim.o
                0x08019d24                HAL_TIM_PWM_Init
 .text.HAL_TIM_PWM_MspInit
                0x08019dd2       0x14 ./Drivers/STM32H5xx_HAL_Driver/Src/stm32h5xx_hal_tim.o
                0x08019dd2                HAL_TIM_PWM_MspInit
 *fill*         0x08019de6        0x2 
 .text.HAL_TIM_PWM_Start
                0x08019de8      0x288 ./Drivers/STM32H5xx_HAL_Driver/Src/stm32h5xx_hal_tim.o
                0x08019de8                HAL_TIM_PWM_Start
 .text.HAL_TIM_PWM_Stop
                0x0801a070      0x138 ./Drivers/STM32H5xx_HAL_Driver/Src/stm32h5xx_hal_tim.o
                0x0801a070                HAL_TIM_PWM_Stop
 .text.HAL_TIM_PWM_ConfigChannel
                0x0801a1a8      0x228 ./Drivers/STM32H5xx_HAL_Driver/Src/stm32h5xx_hal_tim.o
                0x0801a1a8                HAL_TIM_PWM_ConfigChannel
 .text.HAL_TIM_ConfigClockSource
                0x0801a3d0      0x23c ./Drivers/STM32H5xx_HAL_Driver/Src/stm32h5xx_hal_tim.o
                0x0801a3d0                HAL_TIM_ConfigClockSource
 .text.TIM_Base_SetConfig
                0x0801a60c      0x1d4 ./Drivers/STM32H5xx_HAL_Driver/Src/stm32h5xx_hal_tim.o
                0x0801a60c                TIM_Base_SetConfig
 .text.TIM_OC1_SetConfig
                0x0801a7e0      0x134 ./Drivers/STM32H5xx_HAL_Driver/Src/stm32h5xx_hal_tim.o
 .text.TIM_OC2_SetConfig
                0x0801a914      0x130 ./Drivers/STM32H5xx_HAL_Driver/Src/stm32h5xx_hal_tim.o
                0x0801a914                TIM_OC2_SetConfig
 .text.TIM_OC3_SetConfig
                0x0801aa44      0x12c ./Drivers/STM32H5xx_HAL_Driver/Src/stm32h5xx_hal_tim.o
 .text.TIM_OC4_SetConfig
                0x0801ab70      0x130 ./Drivers/STM32H5xx_HAL_Driver/Src/stm32h5xx_hal_tim.o
 .text.TIM_OC5_SetConfig
                0x0801aca0       0xd4 ./Drivers/STM32H5xx_HAL_Driver/Src/stm32h5xx_hal_tim.o
 .text.TIM_OC6_SetConfig
                0x0801ad74       0xd8 ./Drivers/STM32H5xx_HAL_Driver/Src/stm32h5xx_hal_tim.o
 .text.TIM_TI1_ConfigInputStage
                0x0801ae4c       0x5e ./Drivers/STM32H5xx_HAL_Driver/Src/stm32h5xx_hal_tim.o
 .text.TIM_TI2_ConfigInputStage
                0x0801aeaa       0x60 ./Drivers/STM32H5xx_HAL_Driver/Src/stm32h5xx_hal_tim.o
 .text.TIM_ITRx_SetConfig
                0x0801af0a       0x3a ./Drivers/STM32H5xx_HAL_Driver/Src/stm32h5xx_hal_tim.o
 .text.TIM_ETR_SetConfig
                0x0801af44       0x40 ./Drivers/STM32H5xx_HAL_Driver/Src/stm32h5xx_hal_tim.o
                0x0801af44                TIM_ETR_SetConfig
 .text.TIM_CCxChannelCmd
                0x0801af84       0x4a ./Drivers/STM32H5xx_HAL_Driver/Src/stm32h5xx_hal_tim.o
                0x0801af84                TIM_CCxChannelCmd
 *fill*         0x0801afce        0x2 
 .text.HAL_TIMEx_MasterConfigSynchronization
                0x0801afd0      0x1a0 ./Drivers/STM32H5xx_HAL_Driver/Src/stm32h5xx_hal_tim_ex.o
                0x0801afd0                HAL_TIMEx_MasterConfigSynchronization
 .text._ZN7VDevice5GetDTEv
                0x0801b170       0x16 C:\Users\79099\STM32CubeIDE\workspace_1.13.2\device_lib\Debug\libdevice_lib.a(.)
                0x0801b170                VDevice::GetDT()
 .text._ZN14VDeviceIgniter5GetDTEv
                0x0801b186       0x16 C:\Users\79099\STM32CubeIDE\workspace_1.13.2\device_lib\Debug\libdevice_lib.a(./src/device_igniter.o)
                0x0801b186                VDeviceIgniter::GetDT()
 .text._ZNK10__cxxabiv117__class_type_info11__do_upcastEPKS0_PPv
                0x0801b19c       0x32 C:/ST/STM32CubeIDE_1.13.2/STM32CubeIDE/plugins/com.st.stm32cube.ide.mcu.externaltools.gnu-tools-for-stm32.13.3.rel1.win32_1.0.0.202411081344/tools/bin/../lib/gcc/arm-none-eabi/13.3.1/../../../../arm-none-eabi/lib/thumb/v8-m.main+fp/hard\libstdc++_nano.a(class_type_info.o)
                0x0801b19c                __cxxabiv1::__class_type_info::__do_upcast(__cxxabiv1::__class_type_info const*, void**) const
 .text._ZNK10__cxxabiv117__class_type_info20__do_find_public_srcEiPKvPKS0_S2_
                0x0801b1ce        0xc C:/ST/STM32CubeIDE_1.13.2/STM32CubeIDE/plugins/com.st.stm32cube.ide.mcu.externaltools.gnu-tools-for-stm32.13.3.rel1.win32_1.0.0.202411081344/tools/bin/../lib/gcc/arm-none-eabi/13.3.1/../../../../arm-none-eabi/lib/thumb/v8-m.main+fp/hard\libstdc++_nano.a(class_type_info.o)
                0x0801b1ce                __cxxabiv1::__class_type_info::__do_find_public_src(int, void const*, __cxxabiv1::__class_type_info const*, void const*) const
 *fill*         0x0801b1da        0x2 
 .text._ZN10__cxxabiv117__class_type_infoD2Ev
                0x0801b1dc       0x14 C:/ST/STM32CubeIDE_1.13.2/STM32CubeIDE/plugins/com.st.stm32cube.ide.mcu.externaltools.gnu-tools-for-stm32.13.3.rel1.win32_1.0.0.202411081344/tools/bin/../lib/gcc/arm-none-eabi/13.3.1/../../../../arm-none-eabi/lib/thumb/v8-m.main+fp/hard\libstdc++_nano.a(class_type_info.o)
                0x0801b1dc                __cxxabiv1::__class_type_info::~__class_type_info()
                0x0801b1dc                __cxxabiv1::__class_type_info::~__class_type_info()
 .text._ZN10__cxxabiv117__class_type_infoD0Ev
                0x0801b1f0       0x14 C:/ST/STM32CubeIDE_1.13.2/STM32CubeIDE/plugins/com.st.stm32cube.ide.mcu.externaltools.gnu-tools-for-stm32.13.3.rel1.win32_1.0.0.202411081344/tools/bin/../lib/gcc/arm-none-eabi/13.3.1/../../../../arm-none-eabi/lib/thumb/v8-m.main+fp/hard\libstdc++_nano.a(class_type_info.o)
                0x0801b1f0                __cxxabiv1::__class_type_info::~__class_type_info()
 .text._ZNK10__cxxabiv117__class_type_info12__do_dyncastEiNS0_10__sub_kindEPKS0_PKvS3_S5_RNS0_16__dyncast_resultE
                0x0801b204       0x3e C:/ST/STM32CubeIDE_1.13.2/STM32CubeIDE/plugins/com.st.stm32cube.ide.mcu.externaltools.gnu-tools-for-stm32.13.3.rel1.win32_1.0.0.202411081344/tools/bin/../lib/gcc/arm-none-eabi/13.3.1/../../../../arm-none-eabi/lib/thumb/v8-m.main+fp/hard\libstdc++_nano.a(class_type_info.o)
                0x0801b204                __cxxabiv1::__class_type_info::__do_dyncast(int, __cxxabiv1::__class_type_info::__sub_kind, __cxxabiv1::__class_type_info const*, void const*, __cxxabiv1::__class_type_info const*, void const*, __cxxabiv1::__class_type_info::__dyncast_result&) const
 .text._ZNK10__cxxabiv117__class_type_info11__do_upcastEPKS0_PKvRNS0_15__upcast_resultE
                0x0801b242       0x18 C:/ST/STM32CubeIDE_1.13.2/STM32CubeIDE/plugins/com.st.stm32cube.ide.mcu.externaltools.gnu-tools-for-stm32.13.3.rel1.win32_1.0.0.202411081344/tools/bin/../lib/gcc/arm-none-eabi/13.3.1/../../../../arm-none-eabi/lib/thumb/v8-m.main+fp/hard\libstdc++_nano.a(class_type_info.o)
                0x0801b242                __cxxabiv1::__class_type_info::__do_upcast(__cxxabiv1::__class_type_info const*, void const*, __cxxabiv1::__class_type_info::__upcast_result&) const
 .text._ZNK10__cxxabiv117__class_type_info10__do_catchEPKSt9type_infoPPvj
                0x0801b25a       0x2a C:/ST/STM32CubeIDE_1.13.2/STM32CubeIDE/plugins/com.st.stm32cube.ide.mcu.externaltools.gnu-tools-for-stm32.13.3.rel1.win32_1.0.0.202411081344/tools/bin/../lib/gcc/arm-none-eabi/13.3.1/../../../../arm-none-eabi/lib/thumb/v8-m.main+fp/hard\libstdc++_nano.a(class_type_info.o)
                0x0801b25a                __cxxabiv1::__class_type_info::__do_catch(std::type_info const*, void**, unsigned int) const
 .text._ZdlPvj  0x0801b284        0x4 C:/ST/STM32CubeIDE_1.13.2/STM32CubeIDE/plugins/com.st.stm32cube.ide.mcu.externaltools.gnu-tools-for-stm32.13.3.rel1.win32_1.0.0.202411081344/tools/bin/../lib/gcc/arm-none-eabi/13.3.1/../../../../arm-none-eabi/lib/thumb/v8-m.main+fp/hard\libstdc++_nano.a(del_ops.o)
                0x0801b284                operator delete(void*, unsigned int)
 .text._ZN10__cxxabiv120__si_class_type_infoD2Ev
                0x0801b288       0x14 C:/ST/STM32CubeIDE_1.13.2/STM32CubeIDE/plugins/com.st.stm32cube.ide.mcu.externaltools.gnu-tools-for-stm32.13.3.rel1.win32_1.0.0.202411081344/tools/bin/../lib/gcc/arm-none-eabi/13.3.1/../../../../arm-none-eabi/lib/thumb/v8-m.main+fp/hard\libstdc++_nano.a(si_class_type_info.o)
                0x0801b288                __cxxabiv1::__si_class_type_info::~__si_class_type_info()
                0x0801b288                __cxxabiv1::__si_class_type_info::~__si_class_type_info()
 .text._ZN10__cxxabiv120__si_class_type_infoD0Ev
                0x0801b29c       0x14 C:/ST/STM32CubeIDE_1.13.2/STM32CubeIDE/plugins/com.st.stm32cube.ide.mcu.externaltools.gnu-tools-for-stm32.13.3.rel1.win32_1.0.0.202411081344/tools/bin/../lib/gcc/arm-none-eabi/13.3.1/../../../../arm-none-eabi/lib/thumb/v8-m.main+fp/hard\libstdc++_nano.a(si_class_type_info.o)
                0x0801b29c                __cxxabiv1::__si_class_type_info::~__si_class_type_info()
 .text._ZNK10__cxxabiv120__si_class_type_info20__do_find_public_srcEiPKvPKNS_17__class_type_infoES2_
                0x0801b2b0       0x3c C:/ST/STM32CubeIDE_1.13.2/STM32CubeIDE/plugins/com.st.stm32cube.ide.mcu.externaltools.gnu-tools-for-stm32.13.3.rel1.win32_1.0.0.202411081344/tools/bin/../lib/gcc/arm-none-eabi/13.3.1/../../../../arm-none-eabi/lib/thumb/v8-m.main+fp/hard\libstdc++_nano.a(si_class_type_info.o)
                0x0801b2b0                __cxxabiv1::__si_class_type_info::__do_find_public_src(int, void const*, __cxxabiv1::__class_type_info const*, void const*) const
 .text._ZNK10__cxxabiv120__si_class_type_info12__do_dyncastEiNS_17__class_type_info10__sub_kindEPKS1_PKvS4_S6_RNS1_16__dyncast_resultE
                0x0801b2ec       0x74 C:/ST/STM32CubeIDE_1.13.2/STM32CubeIDE/plugins/com.st.stm32cube.ide.mcu.externaltools.gnu-tools-for-stm32.13.3.rel1.win32_1.0.0.202411081344/tools/bin/../lib/gcc/arm-none-eabi/13.3.1/../../../../arm-none-eabi/lib/thumb/v8-m.main+fp/hard\libstdc++_nano.a(si_class_type_info.o)
                0x0801b2ec                __cxxabiv1::__si_class_type_info::__do_dyncast(int, __cxxabiv1::__class_type_info::__sub_kind, __cxxabiv1::__class_type_info const*, void const*, __cxxabiv1::__class_type_info const*, void const*, __cxxabiv1::__class_type_info::__dyncast_result&) const
 .text._ZNK10__cxxabiv120__si_class_type_info11__do_upcastEPKNS_17__class_type_infoEPKvRNS1_15__upcast_resultE
                0x0801b360       0x2a C:/ST/STM32CubeIDE_1.13.2/STM32CubeIDE/plugins/com.st.stm32cube.ide.mcu.externaltools.gnu-tools-for-stm32.13.3.rel1.win32_1.0.0.202411081344/tools/bin/../lib/gcc/arm-none-eabi/13.3.1/../../../../arm-none-eabi/lib/thumb/v8-m.main+fp/hard\libstdc++_nano.a(si_class_type_info.o)
                0x0801b360                __cxxabiv1::__si_class_type_info::__do_upcast(__cxxabiv1::__class_type_info const*, void const*, __cxxabiv1::__class_type_info::__upcast_result&) const
 .text._ZNSt9type_infoD2Ev
                0x0801b38a        0x2 C:/ST/STM32CubeIDE_1.13.2/STM32CubeIDE/plugins/com.st.stm32cube.ide.mcu.externaltools.gnu-tools-for-stm32.13.3.rel1.win32_1.0.0.202411081344/tools/bin/../lib/gcc/arm-none-eabi/13.3.1/../../../../arm-none-eabi/lib/thumb/v8-m.main+fp/hard\libstdc++_nano.a(tinfo.o)
                0x0801b38a                std::type_info::~type_info()
                0x0801b38a                std::type_info::~type_info()
 .text._ZNKSt9type_info14__is_pointer_pEv
                0x0801b38c        0x4 C:/ST/STM32CubeIDE_1.13.2/STM32CubeIDE/plugins/com.st.stm32cube.ide.mcu.externaltools.gnu-tools-for-stm32.13.3.rel1.win32_1.0.0.202411081344/tools/bin/../lib/gcc/arm-none-eabi/13.3.1/../../../../arm-none-eabi/lib/thumb/v8-m.main+fp/hard\libstdc++_nano.a(tinfo.o)
                0x0801b38c                std::type_info::__is_pointer_p() const
                0x0801b38c                std::type_info::__is_function_p() const
 .text._ZNKSt9type_infoeqERKS_
                0x0801b390       0x2c C:/ST/STM32CubeIDE_1.13.2/STM32CubeIDE/plugins/com.st.stm32cube.ide.mcu.externaltools.gnu-tools-for-stm32.13.3.rel1.win32_1.0.0.202411081344/tools/bin/../lib/gcc/arm-none-eabi/13.3.1/../../../../arm-none-eabi/lib/thumb/v8-m.main+fp/hard\libstdc++_nano.a(tinfo.o)
                0x0801b390                std::type_info::operator==(std::type_info const&) const
                0x0801b390                std::type_info::__equal(std::type_info const&) const
 .text._ZdlPv   0x0801b3bc        0x4 C:/ST/STM32CubeIDE_1.13.2/STM32CubeIDE/plugins/com.st.stm32cube.ide.mcu.externaltools.gnu-tools-for-stm32.13.3.rel1.win32_1.0.0.202411081344/tools/bin/../lib/gcc/arm-none-eabi/13.3.1/../../../../arm-none-eabi/lib/thumb/v8-m.main+fp/hard\libstdc++_nano.a(del_op.o)
                0x0801b3bc                operator delete(void*)
 .text.free     0x0801b3c0       0x10 C:/ST/STM32CubeIDE_1.13.2/STM32CubeIDE/plugins/com.st.stm32cube.ide.mcu.externaltools.gnu-tools-for-stm32.13.3.rel1.win32_1.0.0.202411081344/tools/bin/../lib/gcc/arm-none-eabi/13.3.1/../../../../arm-none-eabi/lib/thumb/v8-m.main+fp/hard\libc_nano.a(libc_a-malloc.o)
                0x0801b3c0                free
 .text.__malloc_lock
                0x0801b3d0        0xc C:/ST/STM32CubeIDE_1.13.2/STM32CubeIDE/plugins/com.st.stm32cube.ide.mcu.externaltools.gnu-tools-for-stm32.13.3.rel1.win32_1.0.0.202411081344/tools/bin/../lib/gcc/arm-none-eabi/13.3.1/../../../../arm-none-eabi/lib/thumb/v8-m.main+fp/hard\libc_nano.a(libc_a-mlock.o)
                0x0801b3d0                __malloc_lock
 .text.__malloc_unlock
                0x0801b3dc        0xc C:/ST/STM32CubeIDE_1.13.2/STM32CubeIDE/plugins/com.st.stm32cube.ide.mcu.externaltools.gnu-tools-for-stm32.13.3.rel1.win32_1.0.0.202411081344/tools/bin/../lib/gcc/arm-none-eabi/13.3.1/../../../../arm-none-eabi/lib/thumb/v8-m.main+fp/hard\libc_nano.a(libc_a-mlock.o)
                0x0801b3dc                __malloc_unlock
 .text.memset   0x0801b3e8       0x10 C:/ST/STM32CubeIDE_1.13.2/STM32CubeIDE/plugins/com.st.stm32cube.ide.mcu.externaltools.gnu-tools-for-stm32.13.3.rel1.win32_1.0.0.202411081344/tools/bin/../lib/gcc/arm-none-eabi/13.3.1/../../../../arm-none-eabi/lib/thumb/v8-m.main+fp/hard\libc_nano.a(libc_a-memset.o)
                0x0801b3e8                memset
 .text.__errno  0x0801b3f8        0xc C:/ST/STM32CubeIDE_1.13.2/STM32CubeIDE/plugins/com.st.stm32cube.ide.mcu.externaltools.gnu-tools-for-stm32.13.3.rel1.win32_1.0.0.202411081344/tools/bin/../lib/gcc/arm-none-eabi/13.3.1/../../../../arm-none-eabi/lib/thumb/v8-m.main+fp/hard\libc_nano.a(libc_a-errno.o)
                0x0801b3f8                __errno
 .text.__libc_init_array
                0x0801b404       0x48 C:/ST/STM32CubeIDE_1.13.2/STM32CubeIDE/plugins/com.st.stm32cube.ide.mcu.externaltools.gnu-tools-for-stm32.13.3.rel1.win32_1.0.0.202411081344/tools/bin/../lib/gcc/arm-none-eabi/13.3.1/../../../../arm-none-eabi/lib/thumb/v8-m.main+fp/hard\libc_nano.a(libc_a-init.o)
                0x0801b404                __libc_init_array
 .text.__retarget_lock_acquire_recursive
                0x0801b44c        0x2 C:/ST/STM32CubeIDE_1.13.2/STM32CubeIDE/plugins/com.st.stm32cube.ide.mcu.externaltools.gnu-tools-for-stm32.13.3.rel1.win32_1.0.0.202411081344/tools/bin/../lib/gcc/arm-none-eabi/13.3.1/../../../../arm-none-eabi/lib/thumb/v8-m.main+fp/hard\libc_nano.a(libc_a-lock.o)
                0x0801b44c                __retarget_lock_acquire_recursive
 .text.__retarget_lock_release_recursive
                0x0801b44e        0x2 C:/ST/STM32CubeIDE_1.13.2/STM32CubeIDE/plugins/com.st.stm32cube.ide.mcu.externaltools.gnu-tools-for-stm32.13.3.rel1.win32_1.0.0.202411081344/tools/bin/../lib/gcc/arm-none-eabi/13.3.1/../../../../arm-none-eabi/lib/thumb/v8-m.main+fp/hard\libc_nano.a(libc_a-lock.o)
                0x0801b44e                __retarget_lock_release_recursive
 .text.memcpy   0x0801b450       0x1a C:/ST/STM32CubeIDE_1.13.2/STM32CubeIDE/plugins/com.st.stm32cube.ide.mcu.externaltools.gnu-tools-for-stm32.13.3.rel1.win32_1.0.0.202411081344/tools/bin/../lib/gcc/arm-none-eabi/13.3.1/../../../../arm-none-eabi/lib/thumb/v8-m.main+fp/hard\libc_nano.a(libc_a-memcpy-stub.o)
                0x0801b450                memcpy
 *fill*         0x0801b46a        0x2 
 .text._free_r  0x0801b46c       0x94 C:/ST/STM32CubeIDE_1.13.2/STM32CubeIDE/plugins/com.st.stm32cube.ide.mcu.externaltools.gnu-tools-for-stm32.13.3.rel1.win32_1.0.0.202411081344/tools/bin/../lib/gcc/arm-none-eabi/13.3.1/../../../../arm-none-eabi/lib/thumb/v8-m.main+fp/hard\libc_nano.a(libc_a-freer.o)
                0x0801b46c                _free_r
 .text.abort    0x0801b500        0xe C:/ST/STM32CubeIDE_1.13.2/STM32CubeIDE/plugins/com.st.stm32cube.ide.mcu.externaltools.gnu-tools-for-stm32.13.3.rel1.win32_1.0.0.202411081344/tools/bin/../lib/gcc/arm-none-eabi/13.3.1/../../../../arm-none-eabi/lib/thumb/v8-m.main+fp/hard\libc_nano.a(libc_a-abort.o)
                0x0801b500                abort
 .text._raise_r
                0x0801b50e       0x50 C:/ST/STM32CubeIDE_1.13.2/STM32CubeIDE/plugins/com.st.stm32cube.ide.mcu.externaltools.gnu-tools-for-stm32.13.3.rel1.win32_1.0.0.202411081344/tools/bin/../lib/gcc/arm-none-eabi/13.3.1/../../../../arm-none-eabi/lib/thumb/v8-m.main+fp/hard\libc_nano.a(libc_a-signal.o)
                0x0801b50e                _raise_r
 *fill*         0x0801b55e        0x2 
 .text.raise    0x0801b560       0x10 C:/ST/STM32CubeIDE_1.13.2/STM32CubeIDE/plugins/com.st.stm32cube.ide.mcu.externaltools.gnu-tools-for-stm32.13.3.rel1.win32_1.0.0.202411081344/tools/bin/../lib/gcc/arm-none-eabi/13.3.1/../../../../arm-none-eabi/lib/thumb/v8-m.main+fp/hard\libc_nano.a(libc_a-signal.o)
                0x0801b560                raise
 .text._kill_r  0x0801b570       0x24 C:/ST/STM32CubeIDE_1.13.2/STM32CubeIDE/plugins/com.st.stm32cube.ide.mcu.externaltools.gnu-tools-for-stm32.13.3.rel1.win32_1.0.0.202411081344/tools/bin/../lib/gcc/arm-none-eabi/13.3.1/../../../../arm-none-eabi/lib/thumb/v8-m.main+fp/hard\libc_nano.a(libc_a-signalr.o)
                0x0801b570                _kill_r
 .text._getpid_r
                0x0801b594        0x4 C:/ST/STM32CubeIDE_1.13.2/STM32CubeIDE/plugins/com.st.stm32cube.ide.mcu.externaltools.gnu-tools-for-stm32.13.3.rel1.win32_1.0.0.202411081344/tools/bin/../lib/gcc/arm-none-eabi/13.3.1/../../../../arm-none-eabi/lib/thumb/v8-m.main+fp/hard\libc_nano.a(libc_a-signalr.o)
                0x0801b594                _getpid_r
 *(.glue_7)
 .glue_7        0x0801b598        0x0 linker stubs
 *(.glue_7t)
 .glue_7t       0x0801b598        0x0 linker stubs
 *(.eh_frame)
 .eh_frame      0x0801b598        0x0 C:/ST/STM32CubeIDE_1.13.2/STM32CubeIDE/plugins/com.st.stm32cube.ide.mcu.externaltools.gnu-tools-for-stm32.13.3.rel1.win32_1.0.0.202411081344/tools/bin/../lib/gcc/arm-none-eabi/13.3.1/thumb/v8-m.main+fp/hard/crtbegin.o
 *(.init)
 .init          0x0801b598        0x4 C:/ST/STM32CubeIDE_1.13.2/STM32CubeIDE/plugins/com.st.stm32cube.ide.mcu.externaltools.gnu-tools-for-stm32.13.3.rel1.win32_1.0.0.202411081344/tools/bin/../lib/gcc/arm-none-eabi/13.3.1/thumb/v8-m.main+fp/hard/crti.o
                0x0801b598                _init
 .init          0x0801b59c        0x8 C:/ST/STM32CubeIDE_1.13.2/STM32CubeIDE/plugins/com.st.stm32cube.ide.mcu.externaltools.gnu-tools-for-stm32.13.3.rel1.win32_1.0.0.202411081344/tools/bin/../lib/gcc/arm-none-eabi/13.3.1/thumb/v8-m.main+fp/hard/crtn.o
 *(.fini)
 .fini          0x0801b5a4        0x4 C:/ST/STM32CubeIDE_1.13.2/STM32CubeIDE/plugins/com.st.stm32cube.ide.mcu.externaltools.gnu-tools-for-stm32.13.3.rel1.win32_1.0.0.202411081344/tools/bin/../lib/gcc/arm-none-eabi/13.3.1/thumb/v8-m.main+fp/hard/crti.o
                0x0801b5a4                _fini
 .fini          0x0801b5a8        0x8 C:/ST/STM32CubeIDE_1.13.2/STM32CubeIDE/plugins/com.st.stm32cube.ide.mcu.externaltools.gnu-tools-for-stm32.13.3.rel1.win32_1.0.0.202411081344/tools/bin/../lib/gcc/arm-none-eabi/13.3.1/thumb/v8-m.main+fp/hard/crtn.o
                0x0801b5b0                        . = ALIGN (0x4)
                0x0801b5b0                        _etext = .

.vfp11_veneer   0x0801b5b0        0x0
 .vfp11_veneer  0x0801b5b0        0x0 linker stubs

.v4_bx          0x0801b5b0        0x0
 .v4_bx         0x0801b5b0        0x0 linker stubs

.iplt           0x0801b5b0        0x0
 .iplt          0x0801b5b0        0x0 C:/ST/STM32CubeIDE_1.13.2/STM32CubeIDE/plugins/com.st.stm32cube.ide.mcu.externaltools.gnu-tools-for-stm32.13.3.rel1.win32_1.0.0.202411081344/tools/bin/../lib/gcc/arm-none-eabi/13.3.1/thumb/v8-m.main+fp/hard/crtbegin.o

.rodata         0x0801b5b0      0x1e8
                0x0801b5b0                        . = ALIGN (0x4)
 *(.rodata)
 .rodata        0x0801b5b0       0x18 C:\Users\79099\STM32CubeIDE\workspace_1.13.2\device_lib\Debug\libdevice_lib.a(.)
 .rodata        0x0801b5c8       0x39 C:\Users\79099\STM32CubeIDE\workspace_1.13.2\device_lib\Debug\libdevice_lib.a(.)
                0x0801b5c8                vtable for VDevice
                0x0801b5f0                typeinfo for VDevice
                0x0801b5f8                typeinfo name for VDevice
 *fill*         0x0801b601        0x3 
 .rodata        0x0801b604       0x4d C:\Users\79099\STM32CubeIDE\workspace_1.13.2\device_lib\Debug\libdevice_lib.a(./src/device_dpt.o)
                0x0801b60c                vtable for VDeviceDPT
                0x0801b638                typeinfo for VDeviceDPT
                0x0801b644                typeinfo name for VDeviceDPT
 *fill*         0x0801b651        0x3 
 .rodata        0x0801b654       0x4d C:\Users\79099\STM32CubeIDE\workspace_1.13.2\device_lib\Debug\libdevice_lib.a(./src/device_igniter.o)
                0x0801b65c                vtable for VDeviceIgniter
                0x0801b684                typeinfo for VDeviceIgniter
                0x0801b690                typeinfo name for VDeviceIgniter
 *(.rodata*)
 *fill*         0x0801b6a1        0x3 
 .rodata.AHBPrescTable
                0x0801b6a4       0x10 ./Core/Src/system_stm32h5xx.o
                0x0801b6a4                AHBPrescTable
 .rodata.DLCtoBytes
                0x0801b6b4       0x10 ./Drivers/STM32H5xx_HAL_Driver/Src/stm32h5xx_hal_fdcan.o
 .rodata._ZTSN10__cxxabiv117__class_type_infoE
                0x0801b6c4       0x22 C:/ST/STM32CubeIDE_1.13.2/STM32CubeIDE/plugins/com.st.stm32cube.ide.mcu.externaltools.gnu-tools-for-stm32.13.3.rel1.win32_1.0.0.202411081344/tools/bin/../lib/gcc/arm-none-eabi/13.3.1/../../../../arm-none-eabi/lib/thumb/v8-m.main+fp/hard\libstdc++_nano.a(class_type_info.o)
                0x0801b6c4                typeinfo name for __cxxabiv1::__class_type_info
 *fill*         0x0801b6e6        0x2 
 .rodata._ZTIN10__cxxabiv117__class_type_infoE
                0x0801b6e8        0xc C:/ST/STM32CubeIDE_1.13.2/STM32CubeIDE/plugins/com.st.stm32cube.ide.mcu.externaltools.gnu-tools-for-stm32.13.3.rel1.win32_1.0.0.202411081344/tools/bin/../lib/gcc/arm-none-eabi/13.3.1/../../../../arm-none-eabi/lib/thumb/v8-m.main+fp/hard\libstdc++_nano.a(class_type_info.o)
                0x0801b6e8                typeinfo for __cxxabiv1::__class_type_info
 .rodata._ZTVN10__cxxabiv117__class_type_infoE
                0x0801b6f4       0x2c C:/ST/STM32CubeIDE_1.13.2/STM32CubeIDE/plugins/com.st.stm32cube.ide.mcu.externaltools.gnu-tools-for-stm32.13.3.rel1.win32_1.0.0.202411081344/tools/bin/../lib/gcc/arm-none-eabi/13.3.1/../../../../arm-none-eabi/lib/thumb/v8-m.main+fp/hard\libstdc++_nano.a(class_type_info.o)
                0x0801b6f4                vtable for __cxxabiv1::__class_type_info
 .rodata._ZTSN10__cxxabiv120__si_class_type_infoE
                0x0801b720       0x25 C:/ST/STM32CubeIDE_1.13.2/STM32CubeIDE/plugins/com.st.stm32cube.ide.mcu.externaltools.gnu-tools-for-stm32.13.3.rel1.win32_1.0.0.202411081344/tools/bin/../lib/gcc/arm-none-eabi/13.3.1/../../../../arm-none-eabi/lib/thumb/v8-m.main+fp/hard\libstdc++_nano.a(si_class_type_info.o)
                0x0801b720                typeinfo name for __cxxabiv1::__si_class_type_info
 *fill*         0x0801b745        0x3 
 .rodata._ZTIN10__cxxabiv120__si_class_type_infoE
                0x0801b748        0xc C:/ST/STM32CubeIDE_1.13.2/STM32CubeIDE/plugins/com.st.stm32cube.ide.mcu.externaltools.gnu-tools-for-stm32.13.3.rel1.win32_1.0.0.202411081344/tools/bin/../lib/gcc/arm-none-eabi/13.3.1/../../../../arm-none-eabi/lib/thumb/v8-m.main+fp/hard\libstdc++_nano.a(si_class_type_info.o)
                0x0801b748                typeinfo for __cxxabiv1::__si_class_type_info
 .rodata._ZTVN10__cxxabiv120__si_class_type_infoE
                0x0801b754       0x2c C:/ST/STM32CubeIDE_1.13.2/STM32CubeIDE/plugins/com.st.stm32cube.ide.mcu.externaltools.gnu-tools-for-stm32.13.3.rel1.win32_1.0.0.202411081344/tools/bin/../lib/gcc/arm-none-eabi/13.3.1/../../../../arm-none-eabi/lib/thumb/v8-m.main+fp/hard\libstdc++_nano.a(si_class_type_info.o)
                0x0801b754                vtable for __cxxabiv1::__si_class_type_info
 .rodata._ZTSSt9type_info
                0x0801b780        0xd C:/ST/STM32CubeIDE_1.13.2/STM32CubeIDE/plugins/com.st.stm32cube.ide.mcu.externaltools.gnu-tools-for-stm32.13.3.rel1.win32_1.0.0.202411081344/tools/bin/../lib/gcc/arm-none-eabi/13.3.1/../../../../arm-none-eabi/lib/thumb/v8-m.main+fp/hard\libstdc++_nano.a(tinfo.o)
                0x0801b780                typeinfo name for std::type_info
 *fill*         0x0801b78d        0x3 
 .rodata._ZTISt9type_info
                0x0801b790        0x8 C:/ST/STM32CubeIDE_1.13.2/STM32CubeIDE/plugins/com.st.stm32cube.ide.mcu.externaltools.gnu-tools-for-stm32.13.3.rel1.win32_1.0.0.202411081344/tools/bin/../lib/gcc/arm-none-eabi/13.3.1/../../../../arm-none-eabi/lib/thumb/v8-m.main+fp/hard\libstdc++_nano.a(tinfo.o)
                0x0801b790                typeinfo for std::type_info
                0x0801b798                        . = ALIGN (0x4)

.ARM.extab      0x0801b798      0x120
                0x0801b798                        . = ALIGN (0x4)
 *(.ARM.extab* .gnu.linkonce.armextab.*)
 .ARM.extab.text._ZN7VDevice5GetDTEv
                0x0801b798        0x0 C:\Users\79099\STM32CubeIDE\workspace_1.13.2\device_lib\Debug\libdevice_lib.a(.)
 .ARM.extab     0x0801b798       0x84 C:\Users\79099\STM32CubeIDE\workspace_1.13.2\device_lib\Debug\libdevice_lib.a(./src/device_dpt.o)
 .ARM.extab.text._ZN14VDeviceIgniter5GetDTEv
                0x0801b81c        0x0 C:\Users\79099\STM32CubeIDE\workspace_1.13.2\device_lib\Debug\libdevice_lib.a(./src/device_igniter.o)
 .ARM.extab     0x0801b81c       0x84 C:\Users\79099\STM32CubeIDE\workspace_1.13.2\device_lib\Debug\libdevice_lib.a(./src/device_igniter.o)
 .ARM.extab     0x0801b8a0       0x18 C:/ST/STM32CubeIDE_1.13.2/STM32CubeIDE/plugins/com.st.stm32cube.ide.mcu.externaltools.gnu-tools-for-stm32.13.3.rel1.win32_1.0.0.202411081344/tools/bin/../lib/gcc/arm-none-eabi/13.3.1/thumb/v8-m.main+fp/hard\libgcc.a(pr-support.o)
                0x0801b8b8                        . = ALIGN (0x4)

.ARM            0x0801b8b8      0x188
                0x0801b8b8                        . = ALIGN (0x4)
                0x0801b8b8                        __exidx_start = .
 *(.ARM.exidx*)
 .ARM.exidx     0x0801b8b8        0x8 C:\Users\79099\STM32CubeIDE\workspace_1.13.2\device_lib\Debug\libdevice_lib.a(.)
                                 0x48 (size before relaxing)
 .ARM.exidx     0x0801b8c0       0x68 C:\Users\79099\STM32CubeIDE\workspace_1.13.2\device_lib\Debug\libdevice_lib.a(./src/device_dpt.o)
 .ARM.exidx     0x0801b928       0x68 C:\Users\79099\STM32CubeIDE\workspace_1.13.2\device_lib\Debug\libdevice_lib.a(./src/device_igniter.o)
                                 0x60 (size before relaxing)
 .ARM.exidx     0x0801b990        0x0 C:/ST/STM32CubeIDE_1.13.2/STM32CubeIDE/plugins/com.st.stm32cube.ide.mcu.externaltools.gnu-tools-for-stm32.13.3.rel1.win32_1.0.0.202411081344/tools/bin/../lib/gcc/arm-none-eabi/13.3.1/../../../../arm-none-eabi/lib/thumb/v8-m.main+fp/hard\libc_nano.a(libc_a-strcmp.o)
                                  0x8 (size before relaxing)
 .ARM.exidx     0x0801b990       0x78 C:/ST/STM32CubeIDE_1.13.2/STM32CubeIDE/plugins/com.st.stm32cube.ide.mcu.externaltools.gnu-tools-for-stm32.13.3.rel1.win32_1.0.0.202411081344/tools/bin/../lib/gcc/arm-none-eabi/13.3.1/thumb/v8-m.main+fp/hard\libgcc.a(unwind-arm.o)
                                 0xd8 (size before relaxing)
 .ARM.exidx     0x0801ba08       0x38 C:/ST/STM32CubeIDE_1.13.2/STM32CubeIDE/plugins/com.st.stm32cube.ide.mcu.externaltools.gnu-tools-for-stm32.13.3.rel1.win32_1.0.0.202411081344/tools/bin/../lib/gcc/arm-none-eabi/13.3.1/thumb/v8-m.main+fp/hard\libgcc.a(pr-support.o)
 .ARM.exidx.text._ZN7VDevice5GetDTEv
                0x0801ba40        0x0 C:\Users\79099\STM32CubeIDE\workspace_1.13.2\device_lib\Debug\libdevice_lib.a(.)
                                  0x8 (size before relaxing)
 .ARM.exidx.text._ZN14VDeviceIgniter5GetDTEv
                0x0801ba40        0x0 C:\Users\79099\STM32CubeIDE\workspace_1.13.2\device_lib\Debug\libdevice_lib.a(./src/device_igniter.o)
                                  0x8 (size before relaxing)
                0x0801ba40                        __exidx_end = .
                0x0801ba40                        . = ALIGN (0x4)

.preinit_array  0x0801ba40        0x0
                0x0801ba40                        . = ALIGN (0x4)
                0x0801ba40                        PROVIDE (__preinit_array_start = .)
 *(.preinit_array*)
                0x0801ba40                        PROVIDE (__preinit_array_end = .)
                0x0801ba40                        . = ALIGN (0x4)

.init_array     0x0801ba40        0x8
                0x0801ba40                        . = ALIGN (0x4)
                0x0801ba40                        PROVIDE (__init_array_start = .)
 *(SORT_BY_NAME(.init_array.*))
 *(.init_array*)
 .init_array    0x0801ba40        0x4 C:/ST/STM32CubeIDE_1.13.2/STM32CubeIDE/plugins/com.st.stm32cube.ide.mcu.externaltools.gnu-tools-for-stm32.13.3.rel1.win32_1.0.0.202411081344/tools/bin/../lib/gcc/arm-none-eabi/13.3.1/thumb/v8-m.main+fp/hard/crtbegin.o
 .init_array    0x0801ba44        0x4 ./Core/Src/app.o
                0x0801ba48                        PROVIDE (__init_array_end = .)
                0x0801ba48                        . = ALIGN (0x4)

.fini_array     0x0801ba48        0x4
                0x0801ba48                        . = ALIGN (0x4)
                [!provide]                        PROVIDE (__fini_array_start = .)
 *(SORT_BY_NAME(.fini_array.*))
 *(.fini_array*)
 .fini_array    0x0801ba48        0x4 C:/ST/STM32CubeIDE_1.13.2/STM32CubeIDE/plugins/com.st.stm32cube.ide.mcu.externaltools.gnu-tools-for-stm32.13.3.rel1.win32_1.0.0.202411081344/tools/bin/../lib/gcc/arm-none-eabi/13.3.1/thumb/v8-m.main+fp/hard/crtbegin.o
                [!provide]                        PROVIDE (__fini_array_end = .)
                0x0801ba4c                        . = ALIGN (0x4)

.rel.dyn        0x0801ba4c        0x0
 .rel.iplt      0x0801ba4c        0x0 C:/ST/STM32CubeIDE_1.13.2/STM32CubeIDE/plugins/com.st.stm32cube.ide.mcu.externaltools.gnu-tools-for-stm32.13.3.rel1.win32_1.0.0.202411081344/tools/bin/../lib/gcc/arm-none-eabi/13.3.1/thumb/v8-m.main+fp/hard/crtbegin.o

.mku_cfg        0x0807e000     0x2000
                0x0807e000                        . = ALIGN (0x4)
                0x0807e000                        _mku_cfg_start = .
                0x08080000                        . = (. + 0x2000)
 *fill*         0x0807e000     0x2000 
                0x08080000                        . = ALIGN (0x4)
                0x08080000                        _mku_cfg_end = .
                0x0801ba4c                        _sidata = LOADADDR (.data)

.data           0x20000000      0x48c load address 0x0801ba4c
                0x20000000                        . = ALIGN (0x4)
                0x20000000                        _sdata = .
 *(.data)
 .data          0x20000000      0x400 C:\Users\79099\STM32CubeIDE\workspace_1.13.2\device_lib\Debug\libdevice_lib.a(.)
                0x20000000                crc32_tab
 *(.data*)
 .data.SystemCoreClock
                0x20000400        0x4 ./Core/Src/system_stm32h5xx.o
                0x20000400                SystemCoreClock
 .data._ZL16g_upd_quad_index
                0x20000404        0x4 ./Core/Src/upd.o
 .data._ZL14g_upd_quad_buf
                0x20000408       0x10 ./Core/Src/upd.o
 .data.uwTickPrio
                0x20000418        0x4 ./Drivers/STM32H5xx_HAL_Driver/Src/stm32h5xx_hal.o
                0x20000418                uwTickPrio
 .data.uwTickFreq
                0x2000041c        0x1 ./Drivers/STM32H5xx_HAL_Driver/Src/stm32h5xx_hal.o
                0x2000041c                uwTickFreq
 *fill*         0x2000041d        0x3 
 .data.pFlash   0x20000420       0x1c ./Drivers/STM32H5xx_HAL_Driver/Src/stm32h5xx_hal_flash.o
                0x20000420                pFlash
 .data._impure_ptr
                0x2000043c        0x4 C:/ST/STM32CubeIDE_1.13.2/STM32CubeIDE/plugins/com.st.stm32cube.ide.mcu.externaltools.gnu-tools-for-stm32.13.3.rel1.win32_1.0.0.202411081344/tools/bin/../lib/gcc/arm-none-eabi/13.3.1/../../../../arm-none-eabi/lib/thumb/v8-m.main+fp/hard\libc_nano.a(libc_a-impure.o)
                0x2000043c                _impure_ptr
 .data._impure_data
                0x20000440       0x4c C:/ST/STM32CubeIDE_1.13.2/STM32CubeIDE/plugins/com.st.stm32cube.ide.mcu.externaltools.gnu-tools-for-stm32.13.3.rel1.win32_1.0.0.202411081344/tools/bin/../lib/gcc/arm-none-eabi/13.3.1/../../../../arm-none-eabi/lib/thumb/v8-m.main+fp/hard\libc_nano.a(libc_a-impure.o)
                0x20000440                _impure_data
 *(.RamFunc)
 *(.RamFunc*)
                0x2000048c                        . = ALIGN (0x4)
                0x2000048c                        _edata = .

.igot.plt       0x2000048c        0x0 load address 0x0801bed8
 .igot.plt      0x2000048c        0x0 C:/ST/STM32CubeIDE_1.13.2/STM32CubeIDE/plugins/com.st.stm32cube.ide.mcu.externaltools.gnu-tools-for-stm32.13.3.rel1.win32_1.0.0.202411081344/tools/bin/../lib/gcc/arm-none-eabi/13.3.1/thumb/v8-m.main+fp/hard/crtbegin.o
                0x2000048c                        . = ALIGN (0x4)

.bss            0x2000048c     0x4534 load address 0x0801bed8
                0x2000048c                        _sbss = .
                0x2000048c                        __bss_start__ = _sbss
 *(.bss)
 .bss           0x2000048c       0x1c C:/ST/STM32CubeIDE_1.13.2/STM32CubeIDE/plugins/com.st.stm32cube.ide.mcu.externaltools.gnu-tools-for-stm32.13.3.rel1.win32_1.0.0.202411081344/tools/bin/../lib/gcc/arm-none-eabi/13.3.1/thumb/v8-m.main+fp/hard/crtbegin.o
 .bss           0x200004a8      0x6e0 C:\Users\79099\STM32CubeIDE\workspace_1.13.2\device_lib\Debug\libdevice_lib.a(.)
                0x200004a8                isMaster
                0x200004a9                nDevs
                0x200004ac                BoardDevicesList
                0x200004ec                ListenerDevicesList
                0x2000052c                isListener
                0x2000052d                ListenerDevNum
                0x2000052e                isCanActive
                0x2000052f                send_delay
                0x20000530                start_delay
                0x20000534                BufSendMsgObj
                0x20000b74                IndexSendMsgObj
                0x20000b75                IndexSaveMsgObj
                0x20000b7c                CanStopSend
                0x20000b7d                CanStopRetranslate
                0x20000b80                SavedCfgptr
                0x20000b84                LocalCfgptr
 *(.bss*)
 .bss.MCU_K1_ADC_VAL
                0x20000b88        0xa ./Core/Src/adc.o
                0x20000b88                MCU_K1_ADC_VAL
 *fill*         0x20000b92        0x2 
 .bss.adc_filter_val
                0x20000b94        0xa ./Core/Src/adc.o
 *fill*         0x20000b9e        0x2 
 .bss.adc_sma_buf
                0x20000ba0      0x500 ./Core/Src/adc.o
 .bss.adc_sma_sum
                0x200010a0       0x14 ./Core/Src/adc.o
 .bss.adc_sma_fill_index
                0x200010b4        0x5 ./Core/Src/adc.o
 *fill*         0x200010b9        0x3 
 .bss.adc_sma_index
                0x200010bc        0x5 ./Core/Src/adc.o
 *fill*         0x200010c1        0x1 
 .bss.ign1_adc_filtered
                0x200010c2        0x2 ./Core/Src/adc.o
 .bss.ign2_adc_filtered
                0x200010c4        0x2 ./Core/Src/adc.o
 .bss.u24_adc_filtered
                0x200010c6        0x2 ./Core/Src/adc.o
 .bss.t_couple  0x200010c8        0xc ./Core/Src/app.o
                0x200010c8                t_couple
 .bss._ZL5g_cfg
                0x200010d4      0x964 ./Core/Src/app.o
 .bss._ZL11g_saved_cfg
                0x20001a38      0x964 ./Core/Src/app.o
 .bss._ZL5g_dpt
                0x2000239c       0x54 ./Core/Src/app.o
 .bss._ZL10g_igniter1
                0x200023f0       0x40 ./Core/Src/app.o
 .bss._ZL10g_igniter2
                0x20002430       0x40 ./Core/Src/app.o
 .bss._ZL24g_extinguish_deadline_ms
                0x20002470       0x80 ./Core/Src/app.o
 .bss._ZL18g_extinguish_armed
                0x200024f0       0x20 ./Core/Src/app.o
 .bss._ZL11can_rx_ring
                0x20002510     0x1000 ./Core/Src/app.o
 .bss._ZL11can_rx_head
                0x20003510        0x1 ./Core/Src/app.o
 .bss._ZL11can_rx_tail
                0x20003511        0x1 ./Core/Src/app.o
 .bss.CAN1_Active
                0x20003512        0x1 ./Core/Src/app.o
                0x20003512                CAN1_Active
 .bss.CAN2_Active
                0x20003513        0x1 ./Core/Src/app.o
                0x20003513                CAN2_Active
 .bss._ZL17can1_last_rx_tick
                0x20003514        0x4 ./Core/Src/app.o
 .bss._ZL17can2_last_rx_tick
                0x20003518        0x4 ./Core/Src/app.o
 .bss._ZL19g_fire_retry_active
                0x2000351c        0x1 ./Core/Src/app.o
 *fill*         0x2000351d        0x3 
 .bss._ZL19g_fire_last_send_ms
                0x20003520        0x4 ./Core/Src/app.o
 .bss._ZL10DPT_status
                0x20003524        0x1 ./Core/Src/app.o
 *fill*         0x20003525        0x3 
 .bss._ZL18g_max_temp_sma_buf
                0x20003528       0x14 ./Core/Src/app.o
 .bss._ZL18g_max_temp_sma_sum
                0x2000353c        0x4 ./Core/Src/app.o
 .bss._ZL18g_max_temp_sma_idx
                0x20003540        0x1 ./Core/Src/app.o
 .bss._ZL19g_max_temp_sma_fill
                0x20003541        0x1 ./Core/Src/app.o
 *fill*         0x20003542        0x2 
 .bss._ZL20g_max_mode_switch_ms
                0x20003544        0x4 ./Core/Src/app.o
 .bss._ZL10g_tc_hist3
                0x20003548        0x6 ./Core/Src/app.o
 .bss._ZL14g_tc_hist3_idx
                0x2000354e        0x1 ./Core/Src/app.o
 .bss._ZL15g_tc_hist3_fill
                0x2000354f        0x1 ./Core/Src/app.o
 .bss._ZL18g_tc_prev_filtered
                0x20003550        0x2 ./Core/Src/app.o
 .bss._ZL15g_tc_prev_valid
                0x20003552        0x1 ./Core/Src/app.o
 .bss._ZL17g_tc_valid_streak
                0x20003553        0x1 ./Core/Src/app.o
 .bss._ZL13g_tc_prev_val
                0x20003554        0x2 ./Core/Src/app.o
 .bss._ZZ12App_Timer1msE7led_cnt
                0x20003556        0x2 ./Core/Src/app.o
 .bss._ZZ12App_Timer1msE10status_cnt
                0x20003558        0x2 ./Core/Src/app.o
 .bss._ZZ12App_Timer1msE8tmax_cnt
                0x2000355a        0x2 ./Core/Src/app.o
 .bss.hadc1     0x2000355c       0x68 ./Core/Src/main.o
                0x2000355c                hadc1
 .bss.Node_GPDMA1_Channel0
                0x200035c4       0x24 ./Core/Src/main.o
                0x200035c4                Node_GPDMA1_Channel0
 .bss.List_GPDMA1_Channel0
                0x200035e8       0x18 ./Core/Src/main.o
                0x200035e8                List_GPDMA1_Channel0
 .bss.handle_GPDMA1_Channel0
                0x20003600       0x78 ./Core/Src/main.o
                0x20003600                handle_GPDMA1_Channel0
 .bss.hfdcan1   0x20003678       0x64 ./Core/Src/main.o
                0x20003678                hfdcan1
 .bss.hfdcan2   0x200036dc       0x64 ./Core/Src/main.o