C:/Users/79099/STM32CubeIDE/workspace_1.13.2/device_lib/include/device_igniter.hpp:94:11:uint16_t VDeviceIgniter::GetPwm() const	16	static
../Drivers/CMSIS/Include/core_cm33.h:2711:34:void __NVIC_SystemReset()	4	static,ignoring_inline_asm
../Core/Src/app.cpp:81:16:int16_t Median3(int16_t, int16_t, int16_t)	24	static
../Core/Src/app.cpp:89:6:void MAXReadProcess()	24	static
../Core/Src/app.cpp:175:6:void ListenerCommandCB(uint32_t, uint8_t*)	16	static
../Core/Src/app.cpp:189:15:int8_t App_FindIgniterSlotByMsgId(uint32_t)	24	static
../Core/Src/app.cpp:211:17:void RcvStopExtinguishment(uint32_t, uint8_t*, uint8_t)	32	static
../Core/Src/app.cpp:227:6:void RcvReplyStatusFire(uint32_t, uint8_t*, uint8_t)	32	static
../Core/Src/app.cpp:236:17:void RcvStartExtinguishment(uint32_t, uint8_t*, uint8_t)	32	static
../Core/Src/app.cpp:256:13:void App_DPT_SetResMeasureMode()	8	static
../Core/Src/app.cpp:262:13:void App_DPT_SetMaxMeasureMode()	8	static
../Core/Src/app.cpp:269:13:void VDeviceSetStatus(uint8_t, uint8_t, const uint8_t*)	48	static
../Core/Src/app.cpp:296:6:void SetHAdr(uint8_t)	24	static
../Core/Src/app.cpp:312:6:void DefaultConfig()	40	static
../Core/Src/app.cpp:370:10:uint32_t GetConfigSize()	4	static
../Core/Src/app.cpp:375:10:uint32_t GetConfigWord(uint16_t)	32	static
../Core/Src/app.cpp:391:6:void SetConfigWord(uint16_t, uint32_t)	32	static
../Core/Src/app.cpp:410:13:bool FlashReadConfig(MKUCfg*)	24	static
../Core/Src/app.cpp:427:6:void FlashWriteData(uint8_t*, uint32_t)	8272	static
../Core/Src/app.cpp:476:6:void SaveConfig()	16	static
../Core/Src/app.cpp:484:6:void ResetMCU()	8	static
../Core/Src/app.cpp:489:10:uint32_t GetID()	24	static
../Core/Src/app.cpp:497:6:void MCU_K1CommandCB(uint8_t, uint8_t*)	16	static
../Core/Src/app.cpp:504:6:void CommandCB(uint8_t, uint8_t, uint8_t*)	16	static
../Core/Src/app.cpp:515:6:void App_CanOnRx(uint8_t)	24	static
../Core/Src/app.cpp:527:6:void App_CanRxPush(uint32_t, const uint8_t*, uint8_t)	32	static
../Core/Src/app.cpp:545:6:void App_CanProcess()	16	static
../Core/Src/app.cpp:557:6:void App_Init()	16	static
../Core/Src/app.cpp:625:6:void App_Timer1ms()	80	static
../Core/Src/app.cpp:745:6:void App_UpdateCanActivity()	16	static
../Core/Src/app.cpp:762:6:void App_SetDPTAdcValues(uint16_t, uint16_t, uint16_t)	72	static
../Core/Src/app.cpp:795:1:void __static_initialization_and_destruction_0()	8	static
../Core/Src/app.cpp:795:1:cpp)	8	static
