../Core/Src/main.c:78:13:FDCAN_StartAll	32	static
../Core/Src/main.c:110:6:USBSendData	16	static
../Core/Src/main.c:126:13:CanTxEnqueue	32	static
../Core/Src/main.c:147:6:App_CanTxProcess	56	static
../Core/Src/main.c:189:6:CANSendData	24	static
../Core/Src/main.c:196:6:HAL_FDCAN_RxFifo0Callback	72	static
../Core/Src/main.c:232:6:HAL_FDCAN_ErrorStatusCallback	64	static
../Core/Src/main.c:255:5:main	16	static
../Core/Src/main.c:317:6:SystemClock_Config	120	static
../Core/Src/main.c:374:13:MX_ADC1_Init	40	static
../Core/Src/main.c:469:13:MX_FDCAN1_Init	8	static
../Core/Src/main.c:512:13:MX_FDCAN2_Init	8	static
../Core/Src/main.c:555:13:MX_GPDMA1_Init	16	static
../Core/Src/main.c:583:13:MX_SPI1_Init	8	static
../Core/Src/main.c:631:13:MX_TIM2_Init	64	static
../Core/Src/main.c:690:13:MX_TIM4_Init	64	static
../Core/Src/main.c:749:13:MX_GPIO_Init	48	static
../Core/Src/main.c:795:6:Error_Handler	4	static,ignoring_inline_asm
